Archive member included to satisfy reference by file (symbol)

/home/brecht/Programs/SimplicityStudio_v4/developer/toolchains/gnu_arm/7.2_2017q4/bin/../lib/gcc/arm-none-eabi/7.2.1/thumb/v6-m/libgcc.a(_udivsi3.o)
                              ./src/main.o (__aeabi_uidiv)
/home/brecht/Programs/SimplicityStudio_v4/developer/toolchains/gnu_arm/7.2_2017q4/bin/../lib/gcc/arm-none-eabi/7.2.1/thumb/v6-m/libgcc.a(_dvmd_tls.o)
                              /home/brecht/Programs/SimplicityStudio_v4/developer/toolchains/gnu_arm/7.2_2017q4/bin/../lib/gcc/arm-none-eabi/7.2.1/thumb/v6-m/libgcc.a(_udivsi3.o) (__aeabi_idiv0)
/home/brecht/Programs/SimplicityStudio_v4/developer/toolchains/gnu_arm/7.2_2017q4/bin/../lib/gcc/arm-none-eabi/7.2.1/thumb/v6-m/libgcc.a(_clzsi2.o)
                              ./emlib/em_cmu.o (__clzsi2)
/home/brecht/Programs/SimplicityStudio_v4/developer/toolchains/gnu_arm/7.2_2017q4/bin/../lib/gcc/arm-none-eabi/7.2.1/thumb/v6-m/libgcc.a(_aeabi_uldivmod.o)
                              ./emlib/em_usart.o (__aeabi_uldivmod)
/home/brecht/Programs/SimplicityStudio_v4/developer/toolchains/gnu_arm/7.2_2017q4/bin/../lib/gcc/arm-none-eabi/7.2.1/thumb/v6-m/libgcc.a(_muldi3.o)
                              ./emlib/em_usart.o (__aeabi_lmul)
/home/brecht/Programs/SimplicityStudio_v4/developer/toolchains/gnu_arm/7.2_2017q4/bin/../lib/gcc/arm-none-eabi/7.2.1/thumb/v6-m/libgcc.a(_udivmoddi4.o)
                              /home/brecht/Programs/SimplicityStudio_v4/developer/toolchains/gnu_arm/7.2_2017q4/bin/../lib/gcc/arm-none-eabi/7.2.1/thumb/v6-m/libgcc.a(_aeabi_uldivmod.o) (__udivmoddi4)
/home/brecht/Programs/SimplicityStudio_v4/developer/toolchains/gnu_arm/7.2_2017q4/bin/../lib/gcc/arm-none-eabi/7.2.1/thumb/v6-m/libgcc.a(fixsfsi.o)
                              ./src/main.o (__aeabi_f2iz)
/home/brecht/Programs/SimplicityStudio_v4/developer/toolchains/gnu_arm/7.2_2017q4/bin/../lib/gcc/arm-none-eabi/7.2.1/thumb/v6-m/libgcc.a(muldf3.o)
                              ./src/DS18B20.o (__aeabi_dmul)
/home/brecht/Programs/SimplicityStudio_v4/developer/toolchains/gnu_arm/7.2_2017q4/bin/../lib/gcc/arm-none-eabi/7.2.1/thumb/v6-m/libgcc.a(floatsidf.o)
                              ./src/DS18B20.o (__aeabi_i2d)
/home/brecht/Programs/SimplicityStudio_v4/developer/toolchains/gnu_arm/7.2_2017q4/bin/../lib/gcc/arm-none-eabi/7.2.1/thumb/v6-m/libgcc.a(truncdfsf2.o)
                              ./src/DS18B20.o (__aeabi_d2f)
/home/brecht/Programs/SimplicityStudio_v4/developer/toolchains/gnu_arm/7.2_2017q4/bin/../lib/gcc/arm-none-eabi/7.2.1/thumb/v6-m/libgcc.a(_clzdi2.o)
                              /home/brecht/Programs/SimplicityStudio_v4/developer/toolchains/gnu_arm/7.2_2017q4/bin/../lib/gcc/arm-none-eabi/7.2.1/thumb/v6-m/libgcc.a(_udivmoddi4.o) (__clzdi2)
/home/brecht/Programs/SimplicityStudio_v4/developer/toolchains/gnu_arm/7.2_2017q4/bin/../lib/gcc/arm-none-eabi/7.2.1/../../../../arm-none-eabi/lib/thumb/v6-m/libc_nano.a(lib_a-exit.o)
                              /home/brecht/Programs/SimplicityStudio_v4/developer/toolchains/gnu_arm/7.2_2017q4/bin/../lib/gcc/arm-none-eabi/7.2.1/../../../../arm-none-eabi/lib/thumb/v6-m/crt0.o (exit)
/home/brecht/Programs/SimplicityStudio_v4/developer/toolchains/gnu_arm/7.2_2017q4/bin/../lib/gcc/arm-none-eabi/7.2.1/../../../../arm-none-eabi/lib/thumb/v6-m/libc_nano.a(lib_a-impure.o)
                              /home/brecht/Programs/SimplicityStudio_v4/developer/toolchains/gnu_arm/7.2_2017q4/bin/../lib/gcc/arm-none-eabi/7.2.1/../../../../arm-none-eabi/lib/thumb/v6-m/libc_nano.a(lib_a-exit.o) (_global_impure_ptr)
/home/brecht/Programs/SimplicityStudio_v4/developer/toolchains/gnu_arm/7.2_2017q4/bin/../lib/gcc/arm-none-eabi/7.2.1/../../../../arm-none-eabi/lib/thumb/v6-m/libc_nano.a(lib_a-init.o)
                              /home/brecht/Programs/SimplicityStudio_v4/developer/toolchains/gnu_arm/7.2_2017q4/bin/../lib/gcc/arm-none-eabi/7.2.1/../../../../arm-none-eabi/lib/thumb/v6-m/crt0.o (__libc_init_array)
/home/brecht/Programs/SimplicityStudio_v4/developer/toolchains/gnu_arm/7.2_2017q4/bin/../lib/gcc/arm-none-eabi/7.2.1/../../../../arm-none-eabi/lib/thumb/v6-m/libc_nano.a(lib_a-memset.o)
                              /home/brecht/Programs/SimplicityStudio_v4/developer/toolchains/gnu_arm/7.2_2017q4/bin/../lib/gcc/arm-none-eabi/7.2.1/../../../../arm-none-eabi/lib/thumb/v6-m/crt0.o (memset)
/home/brecht/Programs/SimplicityStudio_v4/developer/toolchains/gnu_arm/7.2_2017q4/bin/../lib/gcc/arm-none-eabi/7.2.1/../../../../arm-none-eabi/lib/thumb/v6-m/libnosys.a(_exit.o)
                              /home/brecht/Programs/SimplicityStudio_v4/developer/toolchains/gnu_arm/7.2_2017q4/bin/../lib/gcc/arm-none-eabi/7.2.1/../../../../arm-none-eabi/lib/thumb/v6-m/libc_nano.a(lib_a-exit.o) (_exit)

Allocating common symbols
Common symbol       size              file

dbpointer           0x4               ./dbprint-scr/dbprint.o
dbprint_rx_buffer   0x50              ./dbprint-scr/dbprint.o
msTicks             0x4               ./src/util.o
dbprint_tx_buffer   0x50              ./dbprint-scr/dbprint.o

Discarded input sections

 .text          0x0000000000000000        0x0 /home/brecht/Programs/SimplicityStudio_v4/developer/toolchains/gnu_arm/7.2_2017q4/bin/../lib/gcc/arm-none-eabi/7.2.1/thumb/v6-m/crti.o
 .data          0x0000000000000000        0x0 /home/brecht/Programs/SimplicityStudio_v4/developer/toolchains/gnu_arm/7.2_2017q4/bin/../lib/gcc/arm-none-eabi/7.2.1/thumb/v6-m/crti.o
 .bss           0x0000000000000000        0x0 /home/brecht/Programs/SimplicityStudio_v4/developer/toolchains/gnu_arm/7.2_2017q4/bin/../lib/gcc/arm-none-eabi/7.2.1/thumb/v6-m/crti.o
 .data          0x0000000000000000        0x4 /home/brecht/Programs/SimplicityStudio_v4/developer/toolchains/gnu_arm/7.2_2017q4/bin/../lib/gcc/arm-none-eabi/7.2.1/thumb/v6-m/crtbegin.o
 .data          0x0000000000000000        0x0 /home/brecht/Programs/SimplicityStudio_v4/developer/toolchains/gnu_arm/7.2_2017q4/bin/../lib/gcc/arm-none-eabi/7.2.1/../../../../arm-none-eabi/lib/thumb/v6-m/crt0.o
 .bss           0x0000000000000000        0x0 /home/brecht/Programs/SimplicityStudio_v4/developer/toolchains/gnu_arm/7.2_2017q4/bin/../lib/gcc/arm-none-eabi/7.2.1/../../../../arm-none-eabi/lib/thumb/v6-m/crt0.o
 .ARM.extab     0x0000000000000000        0x0 /home/brecht/Programs/SimplicityStudio_v4/developer/toolchains/gnu_arm/7.2_2017q4/bin/../lib/gcc/arm-none-eabi/7.2.1/../../../../arm-none-eabi/lib/thumb/v6-m/crt0.o
 .text          0x0000000000000000        0x0 ./src/main.o
 .data          0x0000000000000000        0x0 ./src/main.o
 .bss           0x0000000000000000        0x0 ./src/main.o
 .text          0x0000000000000000        0x0 ./emlib/em_assert.o
 .data          0x0000000000000000        0x0 ./emlib/em_assert.o
 .bss           0x0000000000000000        0x0 ./emlib/em_assert.o
 .text          0x0000000000000000        0x0 ./emlib/em_cmu.o
 .data          0x0000000000000000        0x0 ./emlib/em_cmu.o
 .bss           0x0000000000000000        0x0 ./emlib/em_cmu.o
 .text.BUS_RegMaskedWrite
                0x0000000000000000       0x26 ./emlib/em_cmu.o
 .text.CMU_AUXHFRCOBandGet
                0x0000000000000000       0x1c ./emlib/em_cmu.o
 .text.CMU_AUXHFRCOBandSet
                0x0000000000000000       0xa4 ./emlib/em_cmu.o
 .rodata.CMU_AUXHFRCOBandSet
                0x0000000000000000       0x20 ./emlib/em_cmu.o
 .text.CMU_Calibrate
                0x0000000000000000       0xb8 ./emlib/em_cmu.o
 .rodata.CMU_Calibrate
                0x0000000000000000       0x18 ./emlib/em_cmu.o
 .text.CMU_CalibrateConfig
                0x0000000000000000      0x11c ./emlib/em_cmu.o
 .rodata.CMU_CalibrateConfig
                0x0000000000000000       0x30 ./emlib/em_cmu.o
 .text.CMU_CalibrateCountGet
                0x0000000000000000       0x38 ./emlib/em_cmu.o
 .text.CMU_FreezeEnable
                0x0000000000000000       0x38 ./emlib/em_cmu.o
 .text.CMU_HFRCOBandGet
                0x0000000000000000       0x1c ./emlib/em_cmu.o
 .text.CMU_HFRCOBandSet
                0x0000000000000000       0xd8 ./emlib/em_cmu.o
 .rodata.CMU_HFRCOBandSet
                0x0000000000000000       0x14 ./emlib/em_cmu.o
 .text.CMU_HFRCOStartupDelayGet
                0x0000000000000000       0x18 ./emlib/em_cmu.o
 .text.CMU_HFRCOStartupDelaySet
                0x0000000000000000       0x50 ./emlib/em_cmu.o
 .text.CMU_HFXOInit
                0x0000000000000000       0x78 ./emlib/em_cmu.o
 .text.CMU_LCDClkFDIVGet
                0x0000000000000000        0xc ./emlib/em_cmu.o
 .text.CMU_LCDClkFDIVSet
                0x0000000000000000       0x10 ./emlib/em_cmu.o
 .text.CMU_LFXOInit
                0x0000000000000000       0x80 ./emlib/em_cmu.o
 .text.CMU_OscillatorTuningGet
                0x0000000000000000       0x80 ./emlib/em_cmu.o
 .text.CMU_OscillatorTuningSet
                0x0000000000000000      0x118 ./emlib/em_cmu.o
 .text.CMU_PCNTClockExternalGet
                0x0000000000000000       0x34 ./emlib/em_cmu.o
 .text.CMU_PCNTClockExternalSet
                0x0000000000000000       0x54 ./emlib/em_cmu.o
 .text.CMU_USHFRCOBandGet
                0x0000000000000000       0x1c ./emlib/em_cmu.o
 .text.CMU_USHFRCOBandSet
                0x0000000000000000      0x108 ./emlib/em_cmu.o
 .text          0x0000000000000000        0x0 ./emlib/em_core.o
 .data          0x0000000000000000        0x0 ./emlib/em_core.o
 .bss           0x0000000000000000        0x0 ./emlib/em_core.o
 .text.__NVIC_GetPriority
                0x0000000000000000       0x7c ./emlib/em_core.o
 .text.CORE_CriticalDisableIrq
                0x0000000000000000        0xc ./emlib/em_core.o
 .text.CORE_CriticalEnableIrq
                0x0000000000000000        0xc ./emlib/em_core.o
 .text.CORE_YieldCritical
                0x0000000000000000       0x24 ./emlib/em_core.o
 .text.CORE_AtomicDisableIrq
                0x0000000000000000        0xc ./emlib/em_core.o
 .text.CORE_AtomicEnableIrq
                0x0000000000000000        0xc ./emlib/em_core.o
 .text.CORE_YieldAtomic
                0x0000000000000000       0x24 ./emlib/em_core.o
 .text.CORE_EnterNvicMask
                0x0000000000000000       0x38 ./emlib/em_core.o
 .text.CORE_NvicDisableMask
                0x0000000000000000       0x2c ./emlib/em_core.o
 .text.CORE_NvicEnableMask
                0x0000000000000000       0x2c ./emlib/em_core.o
 .text.CORE_YieldNvicMask
                0x0000000000000000       0x58 ./emlib/em_core.o
 .rodata        0x0000000000000000       0x6b ./emlib/em_core.o
 .text.CORE_NvicMaskSetIRQ
                0x0000000000000000       0x6c ./emlib/em_core.o
 .text.CORE_NvicMaskClearIRQ
                0x0000000000000000       0x6c ./emlib/em_core.o
 .text.CORE_InIrqContext
                0x0000000000000000       0x1c ./emlib/em_core.o
 .text.CORE_IrqIsBlocked
                0x0000000000000000       0xa4 ./emlib/em_core.o
 .text.CORE_IrqIsDisabled
                0x0000000000000000       0x22 ./emlib/em_core.o
 .text.CORE_GetNvicEnabledMask
                0x0000000000000000       0x2c ./emlib/em_core.o
 .text.CORE_GetNvicMaskDisableState
                0x0000000000000000       0x38 ./emlib/em_core.o
 .text.CORE_NvicIRQDisabled
                0x0000000000000000       0x68 ./emlib/em_core.o
 .text.CORE_GetNvicRamTableHandler
                0x0000000000000000       0x54 ./emlib/em_core.o
 .text.CORE_SetNvicRamTableHandler
                0x0000000000000000       0x58 ./emlib/em_core.o
 .text.CORE_InitNvicVectorTable
                0x0000000000000000      0x128 ./emlib/em_core.o
 .text          0x0000000000000000        0x0 ./emlib/em_emu.o
 .data          0x0000000000000000        0x0 ./emlib/em_emu.o
 .bss           0x0000000000000000        0x0 ./emlib/em_emu.o
 .text.EMU_Unlock
                0x0000000000000000       0x18 ./emlib/em_emu.o
 .text.EMU_EnterEM3
                0x0000000000000000       0x78 ./emlib/em_emu.o
 .text.EMU_Save
                0x0000000000000000       0x10 ./emlib/em_emu.o
 .text.EMU_Restore
                0x0000000000000000       0x10 ./emlib/em_emu.o
 .text.EMU_EnterEM4
                0x0000000000000000       0x60 ./emlib/em_emu.o
 .text.EMU_MemPwrDown
                0x0000000000000000       0x10 ./emlib/em_emu.o
 .text.EMU_RamPowerDown
                0x0000000000000000       0x24 ./emlib/em_emu.o
 .text.EMU_RamPowerUp
                0x0000000000000000        0xa ./emlib/em_emu.o
 .text.EMU_UpdateOscConfig
                0x0000000000000000       0x10 ./emlib/em_emu.o
 .text.EMU_EM23Init
                0x0000000000000000       0x34 ./emlib/em_emu.o
 .text          0x0000000000000000        0x0 ./emlib/em_gpio.o
 .data          0x0000000000000000        0x0 ./emlib/em_gpio.o
 .bss           0x0000000000000000        0x0 ./emlib/em_gpio.o
 .text.GPIO_EM4SetPinRetention
                0x0000000000000000       0x28 ./emlib/em_gpio.o
 .text.GPIO_DbgLocationSet
                0x0000000000000000       0x10 ./emlib/em_gpio.o
 .text.GPIO_DriveModeSet
                0x0000000000000000       0x90 ./emlib/em_gpio.o
 .text.GPIO_PinModeGet
                0x0000000000000000       0xe8 ./emlib/em_gpio.o
 .text.GPIO_EM4EnablePinWakeup
                0x0000000000000000       0x9c ./emlib/em_gpio.o
 .text          0x0000000000000000        0x0 ./emlib/em_usart.o
 .data          0x0000000000000000        0x0 ./emlib/em_usart.o
 .bss           0x0000000000000000        0x0 ./emlib/em_usart.o
 .text.prsIrInput
                0x0000000000000000       0x2a ./emlib/em_usart.o
 .text.prsTriggerInput
                0x0000000000000000       0x2a ./emlib/em_usart.o
 .text.USART_BaudrateCalc
                0x0000000000000000      0x128 ./emlib/em_usart.o
 .text.USART_BaudrateGet
                0x0000000000000000       0x64 ./emlib/em_usart.o
 .text.USARTn_InitIrDA
                0x0000000000000000       0xac ./emlib/em_usart.o
 .text.USART_InitI2s
                0x0000000000000000       0xb8 ./emlib/em_usart.o
 .text.USART_InitPrsTrigger
                0x0000000000000000       0x60 ./emlib/em_usart.o
 .text.USART_RxDouble
                0x0000000000000000       0x24 ./emlib/em_usart.o
 .text.USART_RxDoubleExt
                0x0000000000000000       0x22 ./emlib/em_usart.o
 .text.USART_RxExt
                0x0000000000000000       0x22 ./emlib/em_usart.o
 .text.USART_TxDouble
                0x0000000000000000       0x2a ./emlib/em_usart.o
 .text.USART_TxDoubleExt
                0x0000000000000000       0x24 ./emlib/em_usart.o
 .text.USART_TxExt
                0x0000000000000000       0x2a ./emlib/em_usart.o
 .data          0x0000000000000000        0x0 ./CMSIS/EFM32HG/startup_efm32hg.o
 .bss           0x0000000000000000        0x0 ./CMSIS/EFM32HG/startup_efm32hg.o
 .text          0x0000000000000000        0x0 ./CMSIS/EFM32HG/system_efm32hg.o
 .data          0x0000000000000000        0x0 ./CMSIS/EFM32HG/system_efm32hg.o
 .bss           0x0000000000000000        0x0 ./CMSIS/EFM32HG/system_efm32hg.o
 .text.SystemHFXOClockGet
                0x0000000000000000       0x14 ./CMSIS/EFM32HG/system_efm32hg.o
 .text.SystemHFXOClockSet
                0x0000000000000000       0x30 ./CMSIS/EFM32HG/system_efm32hg.o
 .text.SystemLFXOClockSet
                0x0000000000000000       0x30 ./CMSIS/EFM32HG/system_efm32hg.o
 .text          0x0000000000000000        0x0 ./BSP/bsp_stk_leds.o
 .data          0x0000000000000000        0x0 ./BSP/bsp_stk_leds.o
 .bss           0x0000000000000000        0x0 ./BSP/bsp_stk_leds.o
 .text.BUS_RegBitRead
                0x0000000000000000       0x20 ./BSP/bsp_stk_leds.o
 .rodata        0x0000000000000000       0x6c ./BSP/bsp_stk_leds.o
 .text.GPIO_PinOutClear
                0x0000000000000000       0xac ./BSP/bsp_stk_leds.o
 .text.GPIO_PinOutGet
                0x0000000000000000       0xac ./BSP/bsp_stk_leds.o
 .text.GPIO_PinOutSet
                0x0000000000000000       0xac ./BSP/bsp_stk_leds.o
 .text.GPIO_PinOutToggle
                0x0000000000000000       0xac ./BSP/bsp_stk_leds.o
 .rodata.ledArray
                0x0000000000000000       0x10 ./BSP/bsp_stk_leds.o
 .text.BSP_LedsInit
                0x0000000000000000       0x60 ./BSP/bsp_stk_leds.o
 .text.BSP_LedsGet
                0x0000000000000000       0x68 ./BSP/bsp_stk_leds.o
 .text.BSP_LedsSet
                0x0000000000000000       0x70 ./BSP/bsp_stk_leds.o
 .text.BSP_LedClear
                0x0000000000000000       0x44 ./BSP/bsp_stk_leds.o
 .text.BSP_LedGet
                0x0000000000000000       0x48 ./BSP/bsp_stk_leds.o
 .text.BSP_LedSet
                0x0000000000000000       0x44 ./BSP/bsp_stk_leds.o
 .text.BSP_LedToggle
                0x0000000000000000       0x44 ./BSP/bsp_stk_leds.o
 .debug_info    0x0000000000000000     0x1056 ./BSP/bsp_stk_leds.o
 .debug_abbrev  0x0000000000000000      0x25d ./BSP/bsp_stk_leds.o
 .debug_loc     0x0000000000000000      0x2a0 ./BSP/bsp_stk_leds.o
 .debug_aranges
                0x0000000000000000       0x78 ./BSP/bsp_stk_leds.o
 .debug_ranges  0x0000000000000000       0x68 ./BSP/bsp_stk_leds.o
 .debug_line    0x0000000000000000      0x5f6 ./BSP/bsp_stk_leds.o
 .debug_str     0x0000000000000000      0xb19 ./BSP/bsp_stk_leds.o
 .comment       0x0000000000000000       0x7f ./BSP/bsp_stk_leds.o
 .debug_frame   0x0000000000000000      0x190 ./BSP/bsp_stk_leds.o
 .ARM.attributes
                0x0000000000000000       0x32 ./BSP/bsp_stk_leds.o
 .text          0x0000000000000000        0x0 ./dbprint-scr/dbprint.o
 .data          0x0000000000000000        0x0 ./dbprint-scr/dbprint.o
 .bss           0x0000000000000000        0x0 ./dbprint-scr/dbprint.o
 .text.dbAlert  0x0000000000000000       0x1c ./dbprint-scr/dbprint.o
 .text.dbClear  0x0000000000000000       0x1c ./dbprint-scr/dbprint.o
 .text.dbinfoInt_hex
                0x0000000000000000       0x38 ./dbprint-scr/dbprint.o
 .text.dbwarnInt_hex
                0x0000000000000000       0x40 ./dbprint-scr/dbprint.o
 .text.dbcritInt_hex
                0x0000000000000000       0x40 ./dbprint-scr/dbprint.o
 .text.dbprintlnInt
                0x0000000000000000       0x34 ./dbprint-scr/dbprint.o
 .text.dbprintInt_hex
                0x0000000000000000       0x34 ./dbprint-scr/dbprint.o
 .text.dbprintlnInt_hex
                0x0000000000000000       0x34 ./dbprint-scr/dbprint.o
 .text.dbReadChar
                0x0000000000000000       0x1c ./dbprint-scr/dbprint.o
 .text.dbReadInt
                0x0000000000000000       0x2c ./dbprint-scr/dbprint.o
 .text.dbReadLine
                0x0000000000000000       0x5c ./dbprint-scr/dbprint.o
 .text.uint32_to_charHex
                0x0000000000000000      0x368 ./dbprint-scr/dbprint.o
 .text.charDec_to_uint32
                0x0000000000000000       0x64 ./dbprint-scr/dbprint.o
 .text.charHex_to_uint32
                0x0000000000000000       0xc0 ./dbprint-scr/dbprint.o
 .text          0x0000000000000000        0x0 ./emlib/em_rtc.o
 .data          0x0000000000000000        0x0 ./emlib/em_rtc.o
 .bss           0x0000000000000000        0x0 ./emlib/em_rtc.o
 .text.RTC_CompareGet
                0x0000000000000000       0x4c ./emlib/em_rtc.o
 .text.RTC_Reset
                0x0000000000000000       0x34 ./emlib/em_rtc.o
 .text          0x0000000000000000        0x0 ./src/ADXL362.o
 .data          0x0000000000000000        0x0 ./src/ADXL362.o
 .bss           0x0000000000000000        0x0 ./src/ADXL362.o
 .bss.XYZDATA   0x0000000000000000        0x3 ./src/ADXL362.o
 .text.testADXL
                0x0000000000000000       0xf0 ./src/ADXL362.o
 .text.readValuesADXL
                0x0000000000000000       0xd8 ./src/ADXL362.o
 .text.readADXL_XYZDATA
                0x0000000000000000       0x6c ./src/ADXL362.o
 .text.convertGRangeToGValue
                0x0000000000000000       0x60 ./src/ADXL362.o
 .text          0x0000000000000000        0x0 ./src/DS18B20.o
 .data          0x0000000000000000        0x0 ./src/DS18B20.o
 .bss           0x0000000000000000        0x0 ./src/DS18B20.o
 .text          0x0000000000000000        0x0 ./src/driftsensor.o
 .data          0x0000000000000000        0x0 ./src/driftsensor.o
 .bss           0x0000000000000000        0x0 ./src/driftsensor.o
 .debug_info    0x0000000000000000      0x997 ./src/driftsensor.o
 .debug_abbrev  0x0000000000000000      0x16d ./src/driftsensor.o
 .debug_aranges
                0x0000000000000000       0x18 ./src/driftsensor.o
 .debug_line    0x0000000000000000      0x24c ./src/driftsensor.o
 .debug_str     0x0000000000000000      0x5d6 ./src/driftsensor.o
 .comment       0x0000000000000000       0x7f ./src/driftsensor.o
 .ARM.attributes
                0x0000000000000000       0x32 ./src/driftsensor.o
 .text          0x0000000000000000        0x0 ./src/handlers.o
 .data          0x0000000000000000        0x0 ./src/handlers.o
 .bss           0x0000000000000000        0x0 ./src/handlers.o
 .text          0x0000000000000000        0x0 ./src/main-driftsensor.o
 .data          0x0000000000000000        0x0 ./src/main-driftsensor.o
 .bss           0x0000000000000000        0x0 ./src/main-driftsensor.o
 .debug_line    0x0000000000000000        0x0 ./src/main-driftsensor.o
 .debug_str     0x0000000000000000      0x145 ./src/main-driftsensor.o
 .comment       0x0000000000000000       0x7f ./src/main-driftsensor.o
 .ARM.attributes
                0x0000000000000000       0x32 ./src/main-driftsensor.o
 .text          0x0000000000000000        0x0 ./src/udelay.o
 .data          0x0000000000000000        0x0 ./src/udelay.o
 .bss           0x0000000000000000        0x0 ./src/udelay.o
 .text          0x0000000000000000        0x0 ./src/util.o
 .data          0x0000000000000000        0x0 ./src/util.o
 .bss           0x0000000000000000        0x0 ./src/util.o
 .data          0x0000000000000000        0x0 /home/brecht/Programs/SimplicityStudio_v4/developer/toolchains/gnu_arm/7.2_2017q4/bin/../lib/gcc/arm-none-eabi/7.2.1/thumb/v6-m/libgcc.a(_udivsi3.o)
 .bss           0x0000000000000000        0x0 /home/brecht/Programs/SimplicityStudio_v4/developer/toolchains/gnu_arm/7.2_2017q4/bin/../lib/gcc/arm-none-eabi/7.2.1/thumb/v6-m/libgcc.a(_udivsi3.o)
 .data          0x0000000000000000        0x0 /home/brecht/Programs/SimplicityStudio_v4/developer/toolchains/gnu_arm/7.2_2017q4/bin/../lib/gcc/arm-none-eabi/7.2.1/thumb/v6-m/libgcc.a(_dvmd_tls.o)
 .bss           0x0000000000000000        0x0 /home/brecht/Programs/SimplicityStudio_v4/developer/toolchains/gnu_arm/7.2_2017q4/bin/../lib/gcc/arm-none-eabi/7.2.1/thumb/v6-m/libgcc.a(_dvmd_tls.o)
 .data          0x0000000000000000        0x0 /home/brecht/Programs/SimplicityStudio_v4/developer/toolchains/gnu_arm/7.2_2017q4/bin/../lib/gcc/arm-none-eabi/7.2.1/thumb/v6-m/libgcc.a(_clzsi2.o)
 .bss           0x0000000000000000        0x0 /home/brecht/Programs/SimplicityStudio_v4/developer/toolchains/gnu_arm/7.2_2017q4/bin/../lib/gcc/arm-none-eabi/7.2.1/thumb/v6-m/libgcc.a(_clzsi2.o)
 .text          0x0000000000000000       0x40 /home/brecht/Programs/SimplicityStudio_v4/developer/toolchains/gnu_arm/7.2_2017q4/bin/../lib/gcc/arm-none-eabi/7.2.1/thumb/v6-m/libgcc.a(_aeabi_uldivmod.o)
 .data          0x0000000000000000        0x0 /home/brecht/Programs/SimplicityStudio_v4/developer/toolchains/gnu_arm/7.2_2017q4/bin/../lib/gcc/arm-none-eabi/7.2.1/thumb/v6-m/libgcc.a(_aeabi_uldivmod.o)
 .bss           0x0000000000000000        0x0 /home/brecht/Programs/SimplicityStudio_v4/developer/toolchains/gnu_arm/7.2_2017q4/bin/../lib/gcc/arm-none-eabi/7.2.1/thumb/v6-m/libgcc.a(_aeabi_uldivmod.o)
 .ARM.attributes
                0x0000000000000000       0x1e /home/brecht/Programs/SimplicityStudio_v4/developer/toolchains/gnu_arm/7.2_2017q4/bin/../lib/gcc/arm-none-eabi/7.2.1/thumb/v6-m/libgcc.a(_aeabi_uldivmod.o)
 .text          0x0000000000000000       0x54 /home/brecht/Programs/SimplicityStudio_v4/developer/toolchains/gnu_arm/7.2_2017q4/bin/../lib/gcc/arm-none-eabi/7.2.1/thumb/v6-m/libgcc.a(_muldi3.o)
 .data          0x0000000000000000        0x0 /home/brecht/Programs/SimplicityStudio_v4/developer/toolchains/gnu_arm/7.2_2017q4/bin/../lib/gcc/arm-none-eabi/7.2.1/thumb/v6-m/libgcc.a(_muldi3.o)
 .bss           0x0000000000000000        0x0 /home/brecht/Programs/SimplicityStudio_v4/developer/toolchains/gnu_arm/7.2_2017q4/bin/../lib/gcc/arm-none-eabi/7.2.1/thumb/v6-m/libgcc.a(_muldi3.o)
 .debug_frame   0x0000000000000000       0x34 /home/brecht/Programs/SimplicityStudio_v4/developer/toolchains/gnu_arm/7.2_2017q4/bin/../lib/gcc/arm-none-eabi/7.2.1/thumb/v6-m/libgcc.a(_muldi3.o)
 .ARM.attributes
                0x0000000000000000       0x2c /home/brecht/Programs/SimplicityStudio_v4/developer/toolchains/gnu_arm/7.2_2017q4/bin/../lib/gcc/arm-none-eabi/7.2.1/thumb/v6-m/libgcc.a(_muldi3.o)
 .text          0x0000000000000000      0x184 /home/brecht/Programs/SimplicityStudio_v4/developer/toolchains/gnu_arm/7.2_2017q4/bin/../lib/gcc/arm-none-eabi/7.2.1/thumb/v6-m/libgcc.a(_udivmoddi4.o)
 .data          0x0000000000000000        0x0 /home/brecht/Programs/SimplicityStudio_v4/developer/toolchains/gnu_arm/7.2_2017q4/bin/../lib/gcc/arm-none-eabi/7.2.1/thumb/v6-m/libgcc.a(_udivmoddi4.o)
 .bss           0x0000000000000000        0x0 /home/brecht/Programs/SimplicityStudio_v4/developer/toolchains/gnu_arm/7.2_2017q4/bin/../lib/gcc/arm-none-eabi/7.2.1/thumb/v6-m/libgcc.a(_udivmoddi4.o)
 .ARM.extab     0x0000000000000000        0x0 /home/brecht/Programs/SimplicityStudio_v4/developer/toolchains/gnu_arm/7.2_2017q4/bin/../lib/gcc/arm-none-eabi/7.2.1/thumb/v6-m/libgcc.a(_udivmoddi4.o)
 .ARM.exidx     0x0000000000000000        0x8 /home/brecht/Programs/SimplicityStudio_v4/developer/toolchains/gnu_arm/7.2_2017q4/bin/../lib/gcc/arm-none-eabi/7.2.1/thumb/v6-m/libgcc.a(_udivmoddi4.o)
 .debug_frame   0x0000000000000000       0x3c /home/brecht/Programs/SimplicityStudio_v4/developer/toolchains/gnu_arm/7.2_2017q4/bin/../lib/gcc/arm-none-eabi/7.2.1/thumb/v6-m/libgcc.a(_udivmoddi4.o)
 .ARM.attributes
                0x0000000000000000       0x2c /home/brecht/Programs/SimplicityStudio_v4/developer/toolchains/gnu_arm/7.2_2017q4/bin/../lib/gcc/arm-none-eabi/7.2.1/thumb/v6-m/libgcc.a(_udivmoddi4.o)
 .data          0x0000000000000000        0x0 /home/brecht/Programs/SimplicityStudio_v4/developer/toolchains/gnu_arm/7.2_2017q4/bin/../lib/gcc/arm-none-eabi/7.2.1/thumb/v6-m/libgcc.a(fixsfsi.o)
 .bss           0x0000000000000000        0x0 /home/brecht/Programs/SimplicityStudio_v4/developer/toolchains/gnu_arm/7.2_2017q4/bin/../lib/gcc/arm-none-eabi/7.2.1/thumb/v6-m/libgcc.a(fixsfsi.o)
 .data          0x0000000000000000        0x0 /home/brecht/Programs/SimplicityStudio_v4/developer/toolchains/gnu_arm/7.2_2017q4/bin/../lib/gcc/arm-none-eabi/7.2.1/thumb/v6-m/libgcc.a(muldf3.o)
 .bss           0x0000000000000000        0x0 /home/brecht/Programs/SimplicityStudio_v4/developer/toolchains/gnu_arm/7.2_2017q4/bin/../lib/gcc/arm-none-eabi/7.2.1/thumb/v6-m/libgcc.a(muldf3.o)
 .data          0x0000000000000000        0x0 /home/brecht/Programs/SimplicityStudio_v4/developer/toolchains/gnu_arm/7.2_2017q4/bin/../lib/gcc/arm-none-eabi/7.2.1/thumb/v6-m/libgcc.a(floatsidf.o)
 .bss           0x0000000000000000        0x0 /home/brecht/Programs/SimplicityStudio_v4/developer/toolchains/gnu_arm/7.2_2017q4/bin/../lib/gcc/arm-none-eabi/7.2.1/thumb/v6-m/libgcc.a(floatsidf.o)
 .data          0x0000000000000000        0x0 /home/brecht/Programs/SimplicityStudio_v4/developer/toolchains/gnu_arm/7.2_2017q4/bin/../lib/gcc/arm-none-eabi/7.2.1/thumb/v6-m/libgcc.a(truncdfsf2.o)
 .bss           0x0000000000000000        0x0 /home/brecht/Programs/SimplicityStudio_v4/developer/toolchains/gnu_arm/7.2_2017q4/bin/../lib/gcc/arm-none-eabi/7.2.1/thumb/v6-m/libgcc.a(truncdfsf2.o)
 .text          0x0000000000000000       0x18 /home/brecht/Programs/SimplicityStudio_v4/developer/toolchains/gnu_arm/7.2_2017q4/bin/../lib/gcc/arm-none-eabi/7.2.1/thumb/v6-m/libgcc.a(_clzdi2.o)
 .data          0x0000000000000000        0x0 /home/brecht/Programs/SimplicityStudio_v4/developer/toolchains/gnu_arm/7.2_2017q4/bin/../lib/gcc/arm-none-eabi/7.2.1/thumb/v6-m/libgcc.a(_clzdi2.o)
 .bss           0x0000000000000000        0x0 /home/brecht/Programs/SimplicityStudio_v4/developer/toolchains/gnu_arm/7.2_2017q4/bin/../lib/gcc/arm-none-eabi/7.2.1/thumb/v6-m/libgcc.a(_clzdi2.o)
 .ARM.attributes
                0x0000000000000000       0x1e /home/brecht/Programs/SimplicityStudio_v4/developer/toolchains/gnu_arm/7.2_2017q4/bin/../lib/gcc/arm-none-eabi/7.2.1/thumb/v6-m/libgcc.a(_clzdi2.o)
 .text          0x0000000000000000        0x0 /home/brecht/Programs/SimplicityStudio_v4/developer/toolchains/gnu_arm/7.2_2017q4/bin/../lib/gcc/arm-none-eabi/7.2.1/../../../../arm-none-eabi/lib/thumb/v6-m/libc_nano.a(lib_a-exit.o)
 .data          0x0000000000000000        0x0 /home/brecht/Programs/SimplicityStudio_v4/developer/toolchains/gnu_arm/7.2_2017q4/bin/../lib/gcc/arm-none-eabi/7.2.1/../../../../arm-none-eabi/lib/thumb/v6-m/libc_nano.a(lib_a-exit.o)
 .bss           0x0000000000000000        0x0 /home/brecht/Programs/SimplicityStudio_v4/developer/toolchains/gnu_arm/7.2_2017q4/bin/../lib/gcc/arm-none-eabi/7.2.1/../../../../arm-none-eabi/lib/thumb/v6-m/libc_nano.a(lib_a-exit.o)
 .text          0x0000000000000000        0x0 /home/brecht/Programs/SimplicityStudio_v4/developer/toolchains/gnu_arm/7.2_2017q4/bin/../lib/gcc/arm-none-eabi/7.2.1/../../../../arm-none-eabi/lib/thumb/v6-m/libc_nano.a(lib_a-impure.o)
 .data          0x0000000000000000        0x0 /home/brecht/Programs/SimplicityStudio_v4/developer/toolchains/gnu_arm/7.2_2017q4/bin/../lib/gcc/arm-none-eabi/7.2.1/../../../../arm-none-eabi/lib/thumb/v6-m/libc_nano.a(lib_a-impure.o)
 .bss           0x0000000000000000        0x0 /home/brecht/Programs/SimplicityStudio_v4/developer/toolchains/gnu_arm/7.2_2017q4/bin/../lib/gcc/arm-none-eabi/7.2.1/../../../../arm-none-eabi/lib/thumb/v6-m/libc_nano.a(lib_a-impure.o)
 .data._impure_ptr
                0x0000000000000000        0x4 /home/brecht/Programs/SimplicityStudio_v4/developer/toolchains/gnu_arm/7.2_2017q4/bin/../lib/gcc/arm-none-eabi/7.2.1/../../../../arm-none-eabi/lib/thumb/v6-m/libc_nano.a(lib_a-impure.o)
 .text          0x0000000000000000        0x0 /home/brecht/Programs/SimplicityStudio_v4/developer/toolchains/gnu_arm/7.2_2017q4/bin/../lib/gcc/arm-none-eabi/7.2.1/../../../../arm-none-eabi/lib/thumb/v6-m/libc_nano.a(lib_a-init.o)
 .data          0x0000000000000000        0x0 /home/brecht/Programs/SimplicityStudio_v4/developer/toolchains/gnu_arm/7.2_2017q4/bin/../lib/gcc/arm-none-eabi/7.2.1/../../../../arm-none-eabi/lib/thumb/v6-m/libc_nano.a(lib_a-init.o)
 .bss           0x0000000000000000        0x0 /home/brecht/Programs/SimplicityStudio_v4/developer/toolchains/gnu_arm/7.2_2017q4/bin/../lib/gcc/arm-none-eabi/7.2.1/../../../../arm-none-eabi/lib/thumb/v6-m/libc_nano.a(lib_a-init.o)
 .text          0x0000000000000000        0x0 /home/brecht/Programs/SimplicityStudio_v4/developer/toolchains/gnu_arm/7.2_2017q4/bin/../lib/gcc/arm-none-eabi/7.2.1/../../../../arm-none-eabi/lib/thumb/v6-m/libc_nano.a(lib_a-memset.o)
 .data          0x0000000000000000        0x0 /home/brecht/Programs/SimplicityStudio_v4/developer/toolchains/gnu_arm/7.2_2017q4/bin/../lib/gcc/arm-none-eabi/7.2.1/../../../../arm-none-eabi/lib/thumb/v6-m/libc_nano.a(lib_a-memset.o)
 .bss           0x0000000000000000        0x0 /home/brecht/Programs/SimplicityStudio_v4/developer/toolchains/gnu_arm/7.2_2017q4/bin/../lib/gcc/arm-none-eabi/7.2.1/../../../../arm-none-eabi/lib/thumb/v6-m/libc_nano.a(lib_a-memset.o)
 .text          0x0000000000000000        0x0 /home/brecht/Programs/SimplicityStudio_v4/developer/toolchains/gnu_arm/7.2_2017q4/bin/../lib/gcc/arm-none-eabi/7.2.1/../../../../arm-none-eabi/lib/thumb/v6-m/libnosys.a(_exit.o)
 .data          0x0000000000000000        0x0 /home/brecht/Programs/SimplicityStudio_v4/developer/toolchains/gnu_arm/7.2_2017q4/bin/../lib/gcc/arm-none-eabi/7.2.1/../../../../arm-none-eabi/lib/thumb/v6-m/libnosys.a(_exit.o)
 .bss           0x0000000000000000        0x0 /home/brecht/Programs/SimplicityStudio_v4/developer/toolchains/gnu_arm/7.2_2017q4/bin/../lib/gcc/arm-none-eabi/7.2.1/../../../../arm-none-eabi/lib/thumb/v6-m/libnosys.a(_exit.o)
 .text          0x0000000000000000        0x0 /home/brecht/Programs/SimplicityStudio_v4/developer/toolchains/gnu_arm/7.2_2017q4/bin/../lib/gcc/arm-none-eabi/7.2.1/thumb/v6-m/crtend.o
 .data          0x0000000000000000        0x0 /home/brecht/Programs/SimplicityStudio_v4/developer/toolchains/gnu_arm/7.2_2017q4/bin/../lib/gcc/arm-none-eabi/7.2.1/thumb/v6-m/crtend.o
 .bss           0x0000000000000000        0x0 /home/brecht/Programs/SimplicityStudio_v4/developer/toolchains/gnu_arm/7.2_2017q4/bin/../lib/gcc/arm-none-eabi/7.2.1/thumb/v6-m/crtend.o
 .text          0x0000000000000000        0x0 /home/brecht/Programs/SimplicityStudio_v4/developer/toolchains/gnu_arm/7.2_2017q4/bin/../lib/gcc/arm-none-eabi/7.2.1/thumb/v6-m/crtn.o
 .data          0x0000000000000000        0x0 /home/brecht/Programs/SimplicityStudio_v4/developer/toolchains/gnu_arm/7.2_2017q4/bin/../lib/gcc/arm-none-eabi/7.2.1/thumb/v6-m/crtn.o
 .bss           0x0000000000000000        0x0 /home/brecht/Programs/SimplicityStudio_v4/developer/toolchains/gnu_arm/7.2_2017q4/bin/../lib/gcc/arm-none-eabi/7.2.1/thumb/v6-m/crtn.o

Memory Configuration

Name             Origin             Length             Attributes
FLASH            0x0000000000000000 0x0000000000010000 xr
RAM              0x0000000020000000 0x0000000000002000 xrw
*default*        0x0000000000000000 0xffffffffffffffff

Linker script and memory map

LOAD /home/brecht/Programs/SimplicityStudio_v4/developer/toolchains/gnu_arm/7.2_2017q4/bin/../lib/gcc/arm-none-eabi/7.2.1/thumb/v6-m/crti.o
LOAD /home/brecht/Programs/SimplicityStudio_v4/developer/toolchains/gnu_arm/7.2_2017q4/bin/../lib/gcc/arm-none-eabi/7.2.1/thumb/v6-m/crtbegin.o
LOAD /home/brecht/Programs/SimplicityStudio_v4/developer/toolchains/gnu_arm/7.2_2017q4/bin/../lib/gcc/arm-none-eabi/7.2.1/../../../../arm-none-eabi/lib/thumb/v6-m/crt0.o
LOAD ./src/main.o
LOAD ./emlib/em_assert.o
LOAD ./emlib/em_cmu.o
LOAD ./emlib/em_core.o
LOAD ./emlib/em_emu.o
LOAD ./emlib/em_gpio.o
LOAD ./emlib/em_usart.o
LOAD ./CMSIS/EFM32HG/startup_efm32hg.o
LOAD ./CMSIS/EFM32HG/system_efm32hg.o
LOAD ./BSP/bsp_stk_leds.o
LOAD ./dbprint-scr/dbprint.o
LOAD ./emlib/em_rtc.o
LOAD ./src/ADXL362.o
LOAD ./src/DS18B20.o
LOAD ./src/driftsensor.o
LOAD ./src/handlers.o
LOAD ./src/main-driftsensor.o
LOAD ./src/udelay.o
LOAD ./src/util.o
START GROUP
LOAD /home/brecht/Programs/SimplicityStudio_v4/developer/toolchains/gnu_arm/7.2_2017q4/bin/../lib/gcc/arm-none-eabi/7.2.1/thumb/v6-m/libgcc.a
LOAD /home/brecht/Programs/SimplicityStudio_v4/developer/toolchains/gnu_arm/7.2_2017q4/bin/../lib/gcc/arm-none-eabi/7.2.1/../../../../arm-none-eabi/lib/thumb/v6-m/libc_nano.a
LOAD /home/brecht/Programs/SimplicityStudio_v4/developer/toolchains/gnu_arm/7.2_2017q4/bin/../lib/gcc/arm-none-eabi/7.2.1/../../../../arm-none-eabi/lib/thumb/v6-m/libnosys.a
END GROUP
START GROUP
LOAD /home/brecht/Programs/SimplicityStudio_v4/developer/toolchains/gnu_arm/7.2_2017q4/bin/../lib/gcc/arm-none-eabi/7.2.1/thumb/v6-m/libgcc.a
LOAD /home/brecht/Programs/SimplicityStudio_v4/developer/toolchains/gnu_arm/7.2_2017q4/bin/../lib/gcc/arm-none-eabi/7.2.1/../../../../arm-none-eabi/lib/thumb/v6-m/libg_nano.a
LOAD /home/brecht/Programs/SimplicityStudio_v4/developer/toolchains/gnu_arm/7.2_2017q4/bin/../lib/gcc/arm-none-eabi/7.2.1/../../../../arm-none-eabi/lib/thumb/v6-m/libc_nano.a
END GROUP
START GROUP
LOAD /home/brecht/Programs/SimplicityStudio_v4/developer/toolchains/gnu_arm/7.2_2017q4/bin/../lib/gcc/arm-none-eabi/7.2.1/thumb/v6-m/libgcc.a
LOAD /home/brecht/Programs/SimplicityStudio_v4/developer/toolchains/gnu_arm/7.2_2017q4/bin/../lib/gcc/arm-none-eabi/7.2.1/../../../../arm-none-eabi/lib/thumb/v6-m/libc_nano.a
END GROUP
LOAD /home/brecht/Programs/SimplicityStudio_v4/developer/toolchains/gnu_arm/7.2_2017q4/bin/../lib/gcc/arm-none-eabi/7.2.1/thumb/v6-m/crtend.o
LOAD /home/brecht/Programs/SimplicityStudio_v4/developer/toolchains/gnu_arm/7.2_2017q4/bin/../lib/gcc/arm-none-eabi/7.2.1/thumb/v6-m/crtn.o

.text           0x0000000000000000     0x5b24
 *(.vectors)
 .vectors       0x0000000000000000       0x94 ./CMSIS/EFM32HG/startup_efm32hg.o
                0x0000000000000000                __Vectors
                0x0000000000000094                __Vectors_End = .
                0x0000000000000094                __Vectors_Size = (__Vectors_End - __Vectors)
                0x0000000000000094                __end__ = .
 *(.text*)
 .text          0x0000000000000094       0x48 /home/brecht/Programs/SimplicityStudio_v4/developer/toolchains/gnu_arm/7.2_2017q4/bin/../lib/gcc/arm-none-eabi/7.2.1/thumb/v6-m/crtbegin.o
 .text          0x00000000000000dc       0x78 /home/brecht/Programs/SimplicityStudio_v4/developer/toolchains/gnu_arm/7.2_2017q4/bin/../lib/gcc/arm-none-eabi/7.2.1/../../../../arm-none-eabi/lib/thumb/v6-m/crt0.o
                0x00000000000000dc                _mainCRTStartup
                0x00000000000000dc                _start
 .text.__NVIC_EnableIRQ
                0x0000000000000154       0x34 ./src/main.o
 .text.__NVIC_ClearPendingIRQ
                0x0000000000000188       0x38 ./src/main.o
 .text.__NVIC_SetPriority
                0x00000000000001c0       0xdc ./src/main.o
 .text.SysTick_Config
                0x000000000000029c       0x48 ./src/main.o
 .text.SYSTEM_GetProdRev
                0x00000000000002e4       0x18 ./src/main.o
 .text.GPIO_IntConfig
                0x00000000000002fc       0x48 ./src/main.o
 .text.CHIP_Init
                0x0000000000000344       0x4c ./src/main.o
 .text.RTC_IntEnable
                0x0000000000000390       0x20 ./src/main.o
 .text.initGPIOwakeup
                0x00000000000003b0       0x7c ./src/main.o
                0x00000000000003b0                initGPIOwakeup
 .text.initRTCcomp
                0x000000000000042c       0x78 ./src/main.o
                0x000000000000042c                initRTCcomp
 .text.main     0x00000000000004a4      0x144 ./src/main.o
                0x00000000000004a4                main
 .text.assertEFM
                0x00000000000005e8        0xc ./emlib/em_assert.o
                0x00000000000005e8                assertEFM
 .text.BUS_RegBitWrite
                0x00000000000005f4       0x3c ./emlib/em_cmu.o
 .text.BUS_RegBitRead
                0x0000000000000630       0x20 ./emlib/em_cmu.o
 .text.CMU_DivToLog2
                0x0000000000000650       0x48 ./emlib/em_cmu.o
 .text.CMU_Log2ToDiv
                0x0000000000000698       0x34 ./emlib/em_cmu.o
 .text.SYSTEM_GetProdRev
                0x00000000000006cc       0x18 ./emlib/em_cmu.o
 .text.auxClkGet
                0x00000000000006e4       0xc0 ./emlib/em_cmu.o
 .text.dbgClkGet
                0x00000000000007a4       0x5c ./emlib/em_cmu.o
 .text.flashWaitStateControl
                0x0000000000000800       0x54 ./emlib/em_cmu.o
 .text.flashWaitStateMax
                0x0000000000000854       0x44 ./emlib/em_cmu.o
 .text.CMU_UpdateWaitStates
                0x0000000000000898       0x48 ./emlib/em_cmu.o
                0x0000000000000898                CMU_UpdateWaitStates
 .text.lfClkGet
                0x00000000000008e0      0x12c ./emlib/em_cmu.o
 .text.syncReg  0x0000000000000a0c       0x2c ./emlib/em_cmu.o
 .text.usbCClkGet
                0x0000000000000a38       0x6c ./emlib/em_cmu.o
 .text.hfperClkSafePrescaler
                0x0000000000000aa4        0xa ./emlib/em_cmu.o
 .text.hfperClkOptimizedPrescaler
                0x0000000000000aae        0xa ./emlib/em_cmu.o
 .text.CMU_ClockDivGet
                0x0000000000000ab8      0x108 ./emlib/em_cmu.o
                0x0000000000000ab8                CMU_ClockDivGet
 .text.CMU_ClockDivSet
                0x0000000000000bc0      0x1ec ./emlib/em_cmu.o
                0x0000000000000bc0                CMU_ClockDivSet
 .text.CMU_ClockEnable
                0x0000000000000dac       0xc4 ./emlib/em_cmu.o
                0x0000000000000dac                CMU_ClockEnable
 .text.CMU_ClockFreqGet
                0x0000000000000e70      0x154 ./emlib/em_cmu.o
                0x0000000000000e70                CMU_ClockFreqGet
 .text.CMU_ClockSelectGet
                0x0000000000000fc4      0x1f0 ./emlib/em_cmu.o
                0x0000000000000fc4                CMU_ClockSelectGet
 .text.CMU_ClockSelectSet
                0x00000000000011b4      0x2a8 ./emlib/em_cmu.o
                0x00000000000011b4                CMU_ClockSelectSet
 .text.CMU_OscillatorEnable
                0x000000000000145c       0xe4 ./emlib/em_cmu.o
                0x000000000000145c                CMU_OscillatorEnable
 .text.CORE_EnterCritical
                0x0000000000001540       0x1c ./emlib/em_core.o
                0x0000000000001540                CORE_EnterCritical
 .text.CORE_ExitCritical
                0x000000000000155c       0x18 ./emlib/em_core.o
                0x000000000000155c                CORE_ExitCritical
 .text.CORE_EnterAtomic
                0x0000000000001574       0x1c ./emlib/em_core.o
                0x0000000000001574                CORE_EnterAtomic
 .text.CORE_ExitAtomic
                0x0000000000001590       0x18 ./emlib/em_core.o
                0x0000000000001590                CORE_ExitAtomic
 .text.SystemCoreClockUpdate
                0x00000000000015a8        0xe ./emlib/em_emu.o
 *fill*         0x00000000000015b6        0x2 
 .text.CMU_Lock
                0x00000000000015b8       0x18 ./emlib/em_emu.o
 .text.CMU_Unlock
                0x00000000000015d0       0x1c ./emlib/em_emu.o
 .text.emState  0x00000000000015ec       0xe4 ./emlib/em_emu.o
 .text.EMU_EnterEM2
                0x00000000000016d0       0x5c ./emlib/em_emu.o
                0x00000000000016d0                EMU_EnterEM2
 .text.BUS_RegBitWrite
                0x000000000000172c       0x3c ./emlib/em_gpio.o
 .text.BUS_RegMaskedWrite
                0x0000000000001768       0x26 ./emlib/em_gpio.o
 *fill*         0x000000000000178e        0x2 
 .text.GPIO_IntClear
                0x0000000000001790       0x20 ./emlib/em_gpio.o
 .text.GPIO_PinOutClear
                0x00000000000017b0       0xac ./emlib/em_gpio.o
 .text.GPIO_PinOutSet
                0x000000000000185c       0xac ./emlib/em_gpio.o
 .text.GPIO_ExtIntConfig
                0x0000000000001908      0x150 ./emlib/em_gpio.o
                0x0000000000001908                GPIO_ExtIntConfig
 .text.GPIO_PinModeSet
                0x0000000000001a58      0x1b4 ./emlib/em_gpio.o
                0x0000000000001a58                GPIO_PinModeSet
 .text.prsRxInput
                0x0000000000001c0c       0x26 ./emlib/em_usart.o
 *fill*         0x0000000000001c32        0x2 
 .text.USART_BaudrateAsyncSet
                0x0000000000001c34      0x16c ./emlib/em_usart.o
                0x0000000000001c34                USART_BaudrateAsyncSet
 .text.USART_BaudrateSyncSet
                0x0000000000001da0       0x80 ./emlib/em_usart.o
                0x0000000000001da0                USART_BaudrateSyncSet
 .text.USART_Enable
                0x0000000000001e20       0x64 ./emlib/em_usart.o
                0x0000000000001e20                USART_Enable
 .text.USART_InitAsync
                0x0000000000001e84       0xb8 ./emlib/em_usart.o
                0x0000000000001e84                USART_InitAsync
 .text.USART_InitSync
                0x0000000000001f3c       0xec ./emlib/em_usart.o
                0x0000000000001f3c                USART_InitSync
 .text.USART_Reset
                0x0000000000002028       0xac ./emlib/em_usart.o
                0x0000000000002028                USART_Reset
 .text.USART_Rx
                0x00000000000020d4       0x22 ./emlib/em_usart.o
                0x00000000000020d4                USART_Rx
 .text.USART_SpiTransfer
                0x00000000000020f6       0x3c ./emlib/em_usart.o
                0x00000000000020f6                USART_SpiTransfer
 .text.USART_Tx
                0x0000000000002132       0x2a ./emlib/em_usart.o
                0x0000000000002132                USART_Tx
 .text          0x000000000000215c       0x30 ./CMSIS/EFM32HG/startup_efm32hg.o
                0x000000000000215c                Reset_Handler
                0x0000000000002188                TIMER2_IRQHandler
                0x0000000000002188                I2C0_IRQHandler
                0x0000000000002188                HardFault_Handler
                0x0000000000002188                PendSV_Handler
                0x0000000000002188                NMI_Handler
                0x0000000000002188                MSC_IRQHandler
                0x0000000000002188                ADC0_IRQHandler
                0x0000000000002188                LEUART0_IRQHandler
                0x0000000000002188                TIMER0_IRQHandler
                0x0000000000002188                TIMER1_IRQHandler
                0x0000000000002188                Default_Handler
                0x0000000000002188                PCNT0_IRQHandler
                0x0000000000002188                USB_IRQHandler
                0x0000000000002188                ACMP0_IRQHandler
                0x0000000000002188                SVC_Handler
                0x0000000000002188                CMU_IRQHandler
                0x0000000000002188                AES_IRQHandler
                0x0000000000002188                VCMP_IRQHandler
                0x0000000000002188                DMA_IRQHandler
 .text.SystemCoreClockGet
                0x000000000000218c       0x38 ./CMSIS/EFM32HG/system_efm32hg.o
                0x000000000000218c                SystemCoreClockGet
 .text.SystemMaxCoreClockGet
                0x00000000000021c4       0x10 ./CMSIS/EFM32HG/system_efm32hg.o
                0x00000000000021c4                SystemMaxCoreClockGet
 .text.SystemHFClockGet
                0x00000000000021d4       0xfc ./CMSIS/EFM32HG/system_efm32hg.o
                0x00000000000021d4                SystemHFClockGet
 .text.SystemInit
                0x00000000000022d0       0x18 ./CMSIS/EFM32HG/system_efm32hg.o
                0x00000000000022d0                SystemInit
 .text.SystemLFRCOClockGet
                0x00000000000022e8        0xe ./CMSIS/EFM32HG/system_efm32hg.o
                0x00000000000022e8                SystemLFRCOClockGet
 .text.SystemULFRCOClockGet
                0x00000000000022f6        0xe ./CMSIS/EFM32HG/system_efm32hg.o
                0x00000000000022f6                SystemULFRCOClockGet
 .text.SystemLFXOClockGet
                0x0000000000002304       0x14 ./CMSIS/EFM32HG/system_efm32hg.o
                0x0000000000002304                SystemLFXOClockGet
 .text.__NVIC_EnableIRQ
                0x0000000000002318       0x34 ./dbprint-scr/dbprint.o
 .text.GPIO_PinOutSet
                0x000000000000234c       0xac ./dbprint-scr/dbprint.o
 .text.USART_IntClear
                0x00000000000023f8       0x18 ./dbprint-scr/dbprint.o
 .text.USART_IntEnable
                0x0000000000002410       0x1e ./dbprint-scr/dbprint.o
 .text.USART_IntGet
                0x000000000000242e       0x14 ./dbprint-scr/dbprint.o
 .text.USART_IntSet
                0x0000000000002442       0x18 ./dbprint-scr/dbprint.o
 *fill*         0x000000000000245a        0x2 
 .text.dbprint_INIT
                0x000000000000245c      0x35c ./dbprint-scr/dbprint.o
                0x000000000000245c                dbprint_INIT
 .text.dbprint  0x00000000000027b8       0x40 ./dbprint-scr/dbprint.o
                0x00000000000027b8                dbprint
 .text.dbprintln
                0x00000000000027f8       0x34 ./dbprint-scr/dbprint.o
                0x00000000000027f8                dbprintln
 .text.dbprint_color
                0x000000000000282c      0x108 ./dbprint-scr/dbprint.o
                0x000000000000282c                dbprint_color
 .text.dbprintln_color
                0x0000000000002934       0x40 ./dbprint-scr/dbprint.o
                0x0000000000002934                dbprintln_color
 .text.dbinfo   0x0000000000002974       0x24 ./dbprint-scr/dbprint.o
                0x0000000000002974                dbinfo
 .text.dbwarn   0x0000000000002998       0x28 ./dbprint-scr/dbprint.o
                0x0000000000002998                dbwarn
 .text.dbcrit   0x00000000000029c0       0x28 ./dbprint-scr/dbprint.o
                0x00000000000029c0                dbcrit
 .text.dbinfoInt
                0x00000000000029e8       0x38 ./dbprint-scr/dbprint.o
                0x00000000000029e8                dbinfoInt
 .text.dbwarnInt
                0x0000000000002a20       0x40 ./dbprint-scr/dbprint.o
                0x0000000000002a20                dbwarnInt
 .text.dbcritInt
                0x0000000000002a60       0x40 ./dbprint-scr/dbprint.o
                0x0000000000002a60                dbcritInt
 .text.dbprintInt
                0x0000000000002aa0       0x50 ./dbprint-scr/dbprint.o
                0x0000000000002aa0                dbprintInt
 .text.uint32_to_charDec
                0x0000000000002af0       0xf2 ./dbprint-scr/dbprint.o
                0x0000000000002af0                uint32_to_charDec
 *fill*         0x0000000000002be2        0x2 
 .text.USART0_RX_IRQHandler
                0x0000000000002be4       0xac ./dbprint-scr/dbprint.o
                0x0000000000002be4                USART0_RX_IRQHandler
 .text.USART0_TX_IRQHandler
                0x0000000000002c90       0x78 ./dbprint-scr/dbprint.o
                0x0000000000002c90                USART0_TX_IRQHandler
 .text.USART1_RX_IRQHandler
                0x0000000000002d08       0xac ./dbprint-scr/dbprint.o
                0x0000000000002d08                USART1_RX_IRQHandler
 .text.USART1_TX_IRQHandler
                0x0000000000002db4       0x78 ./dbprint-scr/dbprint.o
                0x0000000000002db4                USART1_TX_IRQHandler
 .text.BUS_RegBitWrite
                0x0000000000002e2c       0x3c ./emlib/em_rtc.o
 .text.RTC_CompareSet
                0x0000000000002e68       0x5c ./emlib/em_rtc.o
                0x0000000000002e68                RTC_CompareSet
 .text.RTC_Enable
                0x0000000000002ec4       0x28 ./emlib/em_rtc.o
                0x0000000000002ec4                RTC_Enable
 .text.RTC_FreezeEnable
                0x0000000000002eec       0x30 ./emlib/em_rtc.o
                0x0000000000002eec                RTC_FreezeEnable
 .text.RTC_Init
                0x0000000000002f1c       0x4c ./emlib/em_rtc.o
                0x0000000000002f1c                RTC_Init
 .text.RTC_CounterReset
                0x0000000000002f68       0x16 ./emlib/em_rtc.o
                0x0000000000002f68                RTC_CounterReset
 *fill*         0x0000000000002f7e        0x2 
 .text.GPIO_PinOutClear
                0x0000000000002f80       0xac ./src/ADXL362.o
 .text.GPIO_PinOutSet
                0x000000000000302c       0xac ./src/ADXL362.o
 .text.initADXL_VCC
                0x00000000000030d8       0x2c ./src/ADXL362.o
                0x00000000000030d8                initADXL_VCC
 .text.powerADXL
                0x0000000000003104       0x48 ./src/ADXL362.o
                0x0000000000003104                powerADXL
 .text.enableSPIpinsADXL
                0x000000000000314c       0x7e ./src/ADXL362.o
                0x000000000000314c                enableSPIpinsADXL
 *fill*         0x00000000000031ca        0x2 
 .text.initADXL_SPI
                0x00000000000031cc       0xe0 ./src/ADXL362.o
                0x00000000000031cc                initADXL_SPI
 .text.resetHandlerADXL
                0x00000000000032ac       0xf8 ./src/ADXL362.o
                0x00000000000032ac                resetHandlerADXL
 .text.readADXL
                0x00000000000033a4       0x58 ./src/ADXL362.o
                0x00000000000033a4                readADXL
 .text.writeADXL
                0x00000000000033fc       0x54 ./src/ADXL362.o
                0x00000000000033fc                writeADXL
 .text.configADXL_ODR
                0x0000000000003450      0x178 ./src/ADXL362.o
                0x0000000000003450                configADXL_ODR
 .text.configADXL_range
                0x00000000000035c8       0xd8 ./src/ADXL362.o
                0x00000000000035c8                configADXL_range
 .text.configADXL_activity
                0x00000000000036a0       0xd0 ./src/ADXL362.o
                0x00000000000036a0                configADXL_activity
 .text.measureADXL
                0x0000000000003770       0x90 ./src/ADXL362.o
                0x0000000000003770                measureADXL
 .text.softResetADXL
                0x0000000000003800       0x12 ./src/ADXL362.o
                0x0000000000003800                softResetADXL
 .text.checkID_ADXL
                0x0000000000003812       0x1a ./src/ADXL362.o
                0x0000000000003812                checkID_ADXL
 .text.BUS_RegBitRead
                0x000000000000382c       0x20 ./src/DS18B20.o
 .text.GPIO_PinInGet
                0x000000000000384c       0xb0 ./src/DS18B20.o
 .text.GPIO_PinOutClear
                0x00000000000038fc       0xac ./src/DS18B20.o
 .text.GPIO_PinOutSet
                0x00000000000039a8       0xac ./src/DS18B20.o
 .text.readTempDS18B20
                0x0000000000003a54       0x8c ./src/DS18B20.o
                0x0000000000003a54                readTempDS18B20
 .text.initVDD_DS18B20
                0x0000000000003ae0       0x54 ./src/DS18B20.o
                0x0000000000003ae0                initVDD_DS18B20
 .text.powerDS18B20
                0x0000000000003b34       0x74 ./src/DS18B20.o
                0x0000000000003b34                powerDS18B20
 .text.init_DS18B20
                0x0000000000003ba8       0xdc ./src/DS18B20.o
                0x0000000000003ba8                init_DS18B20
 .text.writeByteToDS18B20
                0x0000000000003c84       0x9a ./src/DS18B20.o
                0x0000000000003c84                writeByteToDS18B20
 .text.readByteFromDS18B20
                0x0000000000003d1e       0x7c ./src/DS18B20.o
                0x0000000000003d1e                readByteFromDS18B20
 *fill*         0x0000000000003d9a        0x2 
 .text.convertTempData
                0x0000000000003d9c       0xc8 ./src/DS18B20.o
                0x0000000000003d9c                convertTempData
 .text.GPIO_IntClear
                0x0000000000003e64       0x20 ./src/handlers.o
 .text.GPIO_IntGet
                0x0000000000003e84       0x18 ./src/handlers.o
 .text.RTC_IntClear
                0x0000000000003e9c       0x1c ./src/handlers.o
 .text.RTC_IRQHandler
                0x0000000000003eb8       0x14 ./src/handlers.o
                0x0000000000003eb8                RTC_IRQHandler
 .text.GPIO_EVEN_IRQHandler
                0x0000000000003ecc       0x48 ./src/handlers.o
                0x0000000000003ecc                GPIO_EVEN_IRQHandler
 .text.GPIO_ODD_IRQHandler
                0x0000000000003f14       0x6c ./src/handlers.o
                0x0000000000003f14                GPIO_ODD_IRQHandler
 .text.__NVIC_ClearPendingIRQ
                0x0000000000003f80       0x38 ./src/udelay.o
 .text.RTC_CounterGet
                0x0000000000003fb8       0x14 ./src/udelay.o
 .text.UDELAY_Calibrate
                0x0000000000003fcc      0x1f4 ./src/udelay.o
                0x0000000000003fcc                UDELAY_Calibrate
 .text.UDELAY_Delay
                0x00000000000041c0       0x38 ./src/udelay.o
                0x00000000000041c0                UDELAY_Delay
 .text.calibrate_delay
                0x00000000000041f8       0xe0 ./src/udelay.o
 .text.clock    0x00000000000042d8       0x10 ./src/udelay.o
 .text._delay   0x00000000000042e8       0x16 ./src/udelay.o
 *fill*         0x00000000000042fe        0x2 
 .text.GPIO_PinOutClear
                0x0000000000004300       0xac ./src/util.o
 .text.GPIO_PinOutSet
                0x00000000000043ac       0xac ./src/util.o
 .text.GPIO_PinOutToggle
                0x0000000000004458       0xac ./src/util.o
 .text.initLED  0x0000000000004504       0x1e ./src/util.o
                0x0000000000004504                initLED
 .text.led      0x0000000000004522       0x2e ./src/util.o
                0x0000000000004522                led
 .text.Error    0x0000000000004550       0x34 ./src/util.o
                0x0000000000004550                Error
 .text.SysTick_Handler
                0x0000000000004584       0x18 ./src/util.o
                0x0000000000004584                SysTick_Handler
 .text.Delay    0x000000000000459c       0x2c ./src/util.o
                0x000000000000459c                Delay
 .text.systickInterrupts
                0x00000000000045c8       0x3c ./src/util.o
                0x00000000000045c8                systickInterrupts
 .text          0x0000000000004604      0x114 /home/brecht/Programs/SimplicityStudio_v4/developer/toolchains/gnu_arm/7.2_2017q4/bin/../lib/gcc/arm-none-eabi/7.2.1/thumb/v6-m/libgcc.a(_udivsi3.o)
                0x0000000000004604                __udivsi3
                0x0000000000004604                __aeabi_uidiv
                0x0000000000004710                __aeabi_uidivmod
 .text          0x0000000000004718        0x4 /home/brecht/Programs/SimplicityStudio_v4/developer/toolchains/gnu_arm/7.2_2017q4/bin/../lib/gcc/arm-none-eabi/7.2.1/thumb/v6-m/libgcc.a(_dvmd_tls.o)
                0x0000000000004718                __aeabi_ldiv0
                0x0000000000004718                __aeabi_idiv0
 .text          0x000000000000471c       0x3c /home/brecht/Programs/SimplicityStudio_v4/developer/toolchains/gnu_arm/7.2_2017q4/bin/../lib/gcc/arm-none-eabi/7.2.1/thumb/v6-m/libgcc.a(_clzsi2.o)
                0x000000000000471c                __clzsi2
 .text          0x0000000000004758       0x40 /home/brecht/Programs/SimplicityStudio_v4/developer/toolchains/gnu_arm/7.2_2017q4/bin/../lib/gcc/arm-none-eabi/7.2.1/thumb/v6-m/libgcc.a(fixsfsi.o)
                0x0000000000004758                __aeabi_f2iz
 .text          0x0000000000004798      0x4e4 /home/brecht/Programs/SimplicityStudio_v4/developer/toolchains/gnu_arm/7.2_2017q4/bin/../lib/gcc/arm-none-eabi/7.2.1/thumb/v6-m/libgcc.a(muldf3.o)
                0x0000000000004798                __aeabi_dmul
 .text          0x0000000000004c7c       0x74 /home/brecht/Programs/SimplicityStudio_v4/developer/toolchains/gnu_arm/7.2_2017q4/bin/../lib/gcc/arm-none-eabi/7.2.1/thumb/v6-m/libgcc.a(floatsidf.o)
                0x0000000000004c7c                __aeabi_i2d
 .text          0x0000000000004cf0      0x108 /home/brecht/Programs/SimplicityStudio_v4/developer/toolchains/gnu_arm/7.2_2017q4/bin/../lib/gcc/arm-none-eabi/7.2.1/thumb/v6-m/libgcc.a(truncdfsf2.o)
                0x0000000000004cf0                __aeabi_d2f
 .text.exit     0x0000000000004df8       0x2c /home/brecht/Programs/SimplicityStudio_v4/developer/toolchains/gnu_arm/7.2_2017q4/bin/../lib/gcc/arm-none-eabi/7.2.1/../../../../arm-none-eabi/lib/thumb/v6-m/libc_nano.a(lib_a-exit.o)
                0x0000000000004df8                exit
 .text.__libc_init_array
                0x0000000000004e24       0x48 /home/brecht/Programs/SimplicityStudio_v4/developer/toolchains/gnu_arm/7.2_2017q4/bin/../lib/gcc/arm-none-eabi/7.2.1/../../../../arm-none-eabi/lib/thumb/v6-m/libc_nano.a(lib_a-init.o)
                0x0000000000004e24                __libc_init_array
 .text.memset   0x0000000000004e6c       0x10 /home/brecht/Programs/SimplicityStudio_v4/developer/toolchains/gnu_arm/7.2_2017q4/bin/../lib/gcc/arm-none-eabi/7.2.1/../../../../arm-none-eabi/lib/thumb/v6-m/libc_nano.a(lib_a-memset.o)
                0x0000000000004e6c                memset
 .text._exit    0x0000000000004e7c        0x4 /home/brecht/Programs/SimplicityStudio_v4/developer/toolchains/gnu_arm/7.2_2017q4/bin/../lib/gcc/arm-none-eabi/7.2.1/../../../../arm-none-eabi/lib/thumb/v6-m/libnosys.a(_exit.o)
                0x0000000000004e7c                _exit
 *(.init)
 .init          0x0000000000004e80        0x4 /home/brecht/Programs/SimplicityStudio_v4/developer/toolchains/gnu_arm/7.2_2017q4/bin/../lib/gcc/arm-none-eabi/7.2.1/thumb/v6-m/crti.o
                0x0000000000004e80                _init
 .init          0x0000000000004e84        0x8 /home/brecht/Programs/SimplicityStudio_v4/developer/toolchains/gnu_arm/7.2_2017q4/bin/../lib/gcc/arm-none-eabi/7.2.1/thumb/v6-m/crtn.o
 *(.fini)
 .fini          0x0000000000004e8c        0x4 /home/brecht/Programs/SimplicityStudio_v4/developer/toolchains/gnu_arm/7.2_2017q4/bin/../lib/gcc/arm-none-eabi/7.2.1/thumb/v6-m/crti.o
                0x0000000000004e8c                _fini
 .fini          0x0000000000004e90        0x8 /home/brecht/Programs/SimplicityStudio_v4/developer/toolchains/gnu_arm/7.2_2017q4/bin/../lib/gcc/arm-none-eabi/7.2.1/thumb/v6-m/crtn.o
 .fini.__stub   0x0000000000004e98       0x10 linker stubs
 *crtbegin.o(.ctors)
 *crtbegin?.o(.ctors)
 *(EXCLUDE_FILE(*crtend.o *crtend?.o) .ctors)
 *(SORT_BY_NAME(.ctors.*))
 *(.ctors)
 *crtbegin.o(.dtors)
 *crtbegin?.o(.dtors)
 *(EXCLUDE_FILE(*crtend.o *crtend?.o) .dtors)
 *(SORT_BY_NAME(.dtors.*))
 *(.dtors)
 *(.rodata*)
 .rodata        0x0000000000004ea8       0x44 ./src/main.o
 .rodata        0x0000000000004eec       0xd6 ./emlib/em_cmu.o
 *fill*         0x0000000000004fc2        0x2 
 .rodata.CMU_ClockDivGet
                0x0000000000004fc4       0x28 ./emlib/em_cmu.o
 .rodata.CMU_ClockDivSet
                0x0000000000004fec       0x28 ./emlib/em_cmu.o
 .rodata.CMU_ClockEnable
                0x0000000000005014       0x2c ./emlib/em_cmu.o
 .rodata.CMU_ClockSelectGet
                0x0000000000005040       0x20 ./emlib/em_cmu.o
 .rodata.CMU_ClockSelectSet
                0x0000000000005060       0x88 ./emlib/em_cmu.o
 .rodata.CMU_OscillatorEnable
                0x00000000000050e8       0x18 ./emlib/em_cmu.o
 .rodata        0x0000000000005100       0xd7 ./emlib/em_gpio.o
 *fill*         0x00000000000051d7        0x1 
 .rodata        0x00000000000051d8       0x6c ./emlib/em_usart.o
 .rodata        0x0000000000005244      0x1eb ./dbprint-scr/dbprint.o
 *fill*         0x000000000000542f        0x1 
 .rodata.dbprint_INIT
                0x0000000000005430       0x50 ./dbprint-scr/dbprint.o
 .rodata.dbprint_color
                0x0000000000005480       0x1c ./dbprint-scr/dbprint.o
 .rodata        0x000000000000549c       0x6a ./emlib/em_rtc.o
 *fill*         0x0000000000005506        0x2 
 .rodata        0x0000000000005508      0x3df ./src/ADXL362.o
 *fill*         0x00000000000058e7        0x1 
 .rodata        0x00000000000058e8       0xf0 ./src/DS18B20.o
 .rodata        0x00000000000059d8       0x6b ./src/handlers.o
 *fill*         0x0000000000005a43        0x1 
 .rodata        0x0000000000005a44        0x3 ./src/udelay.o
 *fill*         0x0000000000005a47        0x1 
 .rodata        0x0000000000005a48       0x94 ./src/util.o
 .rodata        0x0000000000005adc       0x40 /home/brecht/Programs/SimplicityStudio_v4/developer/toolchains/gnu_arm/7.2_2017q4/bin/../lib/gcc/arm-none-eabi/7.2.1/thumb/v6-m/libgcc.a(muldf3.o)
 .rodata._global_impure_ptr
                0x0000000000005b1c        0x4 /home/brecht/Programs/SimplicityStudio_v4/developer/toolchains/gnu_arm/7.2_2017q4/bin/../lib/gcc/arm-none-eabi/7.2.1/../../../../arm-none-eabi/lib/thumb/v6-m/libc_nano.a(lib_a-impure.o)
                0x0000000000005b1c                _global_impure_ptr
 *(.eh_frame*)
 .eh_frame      0x0000000000005b20        0x0 /home/brecht/Programs/SimplicityStudio_v4/developer/toolchains/gnu_arm/7.2_2017q4/bin/../lib/gcc/arm-none-eabi/7.2.1/thumb/v6-m/crtbegin.o
 .eh_frame      0x0000000000005b20        0x4 /home/brecht/Programs/SimplicityStudio_v4/developer/toolchains/gnu_arm/7.2_2017q4/bin/../lib/gcc/arm-none-eabi/7.2.1/thumb/v6-m/crtend.o

.glue_7         0x0000000000005b24        0x0
 .glue_7        0x0000000000005b24        0x0 linker stubs

.glue_7t        0x0000000000005b24        0x0
 .glue_7t       0x0000000000005b24        0x0 linker stubs

.vfp11_veneer   0x0000000000005b24        0x0
 .vfp11_veneer  0x0000000000005b24        0x0 linker stubs

.v4_bx          0x0000000000005b24        0x0
 .v4_bx         0x0000000000005b24        0x0 linker stubs

.iplt           0x0000000000005b24        0x0
 .iplt          0x0000000000005b24        0x0 /home/brecht/Programs/SimplicityStudio_v4/developer/toolchains/gnu_arm/7.2_2017q4/bin/../lib/gcc/arm-none-eabi/7.2.1/thumb/v6-m/crtbegin.o

.ARM.extab
 *(.ARM.extab* .gnu.linkonce.armextab.*)
                0x0000000000005b24                __exidx_start = .

.ARM.exidx      0x0000000000005b24        0x8
 *(.ARM.exidx* .gnu.linkonce.armexidx.*)
 .ARM.exidx     0x0000000000005b24        0x8 /home/brecht/Programs/SimplicityStudio_v4/developer/toolchains/gnu_arm/7.2_2017q4/bin/../lib/gcc/arm-none-eabi/7.2.1/../../../../arm-none-eabi/lib/thumb/v6-m/crt0.o
                0x0000000000005b2c                __exidx_end = .
                0x0000000000005b2c                __etext = .

.rel.dyn        0x0000000000005b2c        0x0
 .rel.iplt      0x0000000000005b2c        0x0 /home/brecht/Programs/SimplicityStudio_v4/developer/toolchains/gnu_arm/7.2_2017q4/bin/../lib/gcc/arm-none-eabi/7.2.1/thumb/v6-m/crtbegin.o

.data           0x0000000020000000       0x8c load address 0x0000000000005b2c
                0x0000000020000000                __data_start__ = .
 *(vtable)
 *(.data*)
 .data.ushfrcoFreq
                0x0000000020000000        0x4 ./emlib/em_cmu.o
 .data.SystemHFXOClock
                0x0000000020000004        0x4 ./CMSIS/EFM32HG/system_efm32hg.o
 .data.SystemLFXOClock
                0x0000000020000008        0x4 ./CMSIS/EFM32HG/system_efm32hg.o
 .data.SystemCoreClock
                0x000000002000000c        0x4 ./CMSIS/EFM32HG/system_efm32hg.o
                0x000000002000000c                SystemCoreClock
 .data.loops_per_jiffy
                0x0000000020000010        0x4 ./src/udelay.o
                0x0000000020000010                loops_per_jiffy
 .data.impure_data
                0x0000000020000014       0x60 /home/brecht/Programs/SimplicityStudio_v4/developer/toolchains/gnu_arm/7.2_2017q4/bin/../lib/gcc/arm-none-eabi/7.2.1/../../../../arm-none-eabi/lib/thumb/v6-m/libc_nano.a(lib_a-impure.o)
                0x0000000020000074                . = ALIGN (0x4)
 *(.ram)
 .ram           0x0000000020000074       0x10 ./emlib/em_emu.o
                0x0000000020000084                . = ALIGN (0x4)
                0x0000000020000084                PROVIDE (__preinit_array_start, .)
 *(.preinit_array)
                0x0000000020000084                PROVIDE (__preinit_array_end, .)
                0x0000000020000084                . = ALIGN (0x4)
                0x0000000020000084                PROVIDE (__init_array_start, .)
 *(SORT_BY_NAME(.init_array.*))
 *(.init_array)
 .init_array    0x0000000020000084        0x4 /home/brecht/Programs/SimplicityStudio_v4/developer/toolchains/gnu_arm/7.2_2017q4/bin/../lib/gcc/arm-none-eabi/7.2.1/thumb/v6-m/crtbegin.o
                0x0000000020000088                PROVIDE (__init_array_end, .)
                0x0000000020000088                . = ALIGN (0x4)
                [!provide]                        PROVIDE (__fini_array_start, .)
 *(SORT_BY_NAME(.fini_array.*))
 *(.fini_array)
 .fini_array    0x0000000020000088        0x4 /home/brecht/Programs/SimplicityStudio_v4/developer/toolchains/gnu_arm/7.2_2017q4/bin/../lib/gcc/arm-none-eabi/7.2.1/thumb/v6-m/crtbegin.o
                [!provide]                        PROVIDE (__fini_array_end, .)
 *(.jcr*)
                0x000000002000008c                . = ALIGN (0x4)
                0x000000002000008c                __data_end__ = .

.igot.plt       0x000000002000008c        0x0 load address 0x0000000000005bb8
 .igot.plt      0x000000002000008c        0x0 /home/brecht/Programs/SimplicityStudio_v4/developer/toolchains/gnu_arm/7.2_2017q4/bin/../lib/gcc/arm-none-eabi/7.2.1/thumb/v6-m/crtbegin.o

.bss            0x000000002000008c       0xe4 load address 0x0000000000005bb8
                0x000000002000008c                . = ALIGN (0x4)
                0x000000002000008c                __bss_start__ = .
 *(.bss*)
 .bss           0x000000002000008c       0x1c /home/brecht/Programs/SimplicityStudio_v4/developer/toolchains/gnu_arm/7.2_2017q4/bin/../lib/gcc/arm-none-eabi/7.2.1/thumb/v6-m/crtbegin.o
 .bss.Temperature
                0x00000000200000a8        0x4 ./src/main.o
                0x00000000200000a8                Temperature
 .bss.cmuStatus.8011
                0x00000000200000ac        0x4 ./emlib/em_emu.o
 .bss.hfClock.8012
                0x00000000200000b0        0x1 ./emlib/em_emu.o
 .bss.dbprint_rxdata
                0x00000000200000b1        0x1 ./dbprint-scr/dbprint.o
                0x00000000200000b1                dbprint_rxdata
 *fill*         0x00000000200000b2        0x2 
 .bss.i.8262    0x00000000200000b4        0x4 ./dbprint-scr/dbprint.o
 .bss.i.8267    0x00000000200000b8        0x4 ./dbprint-scr/dbprint.o
 .bss.i.8272    0x00000000200000bc        0x4 ./dbprint-scr/dbprint.o
 .bss.i.8277    0x00000000200000c0        0x4 ./dbprint-scr/dbprint.o
 .bss.range     0x00000000200000c4        0x1 ./src/ADXL362.o
                0x00000000200000c4                range
 .bss.triggered
                0x00000000200000c5        0x1 ./src/handlers.o
                0x00000000200000c5                triggered
 *(COMMON)
 *fill*         0x00000000200000c6        0x2 
 COMMON         0x00000000200000c8       0xa4 ./dbprint-scr/dbprint.o
                0x00000000200000c8                dbpointer
                0x00000000200000cc                dbprint_rx_buffer
                0x000000002000011c                dbprint_tx_buffer
 COMMON         0x000000002000016c        0x4 ./src/util.o
                0x000000002000016c                msTicks
                0x0000000020000170                . = ALIGN (0x4)
                0x0000000020000170                __bss_end__ = .

.heap           0x0000000020000170      0x400
                0x0000000020000170                __HeapBase = .
                0x0000000020000170                __end__ = .
                0x0000000020000170                end = __end__
                0x0000000020000170                _end = __end__
 *(.heap*)
 .heap          0x0000000020000170      0x400 ./CMSIS/EFM32HG/startup_efm32hg.o
                0x0000000020000570                __HeapLimit = .

.stack_dummy    0x0000000020000170      0x400
 *(.stack*)
 .stack         0x0000000020000170      0x400 ./CMSIS/EFM32HG/startup_efm32hg.o
                0x0000000020002000                __StackTop = (ORIGIN (RAM) + LENGTH (RAM))
                0x0000000020001c00                __StackLimit = (__StackTop - SIZEOF (.stack_dummy))
                0x0000000020002000                PROVIDE (__stack, __StackTop)
                0x0000000000000001                ASSERT ((__StackLimit >= __HeapLimit), region RAM overflowed with stack)
                0x0000000000000001                ASSERT ((LENGTH (FLASH) >= (__etext + SIZEOF (.data))), FLASH memory overflowed !)
OUTPUT(SLSTK3400A_project2.axf elf32-littlearm)

.ARM.attributes
                0x0000000000000000       0x28
 .ARM.attributes
                0x0000000000000000       0x1e /home/brecht/Programs/SimplicityStudio_v4/developer/toolchains/gnu_arm/7.2_2017q4/bin/../lib/gcc/arm-none-eabi/7.2.1/thumb/v6-m/crti.o
 .ARM.attributes
                0x000000000000001e       0x2c /home/brecht/Programs/SimplicityStudio_v4/developer/toolchains/gnu_arm/7.2_2017q4/bin/../lib/gcc/arm-none-eabi/7.2.1/thumb/v6-m/crtbegin.o
 .ARM.attributes
                0x000000000000004a       0x1b /home/brecht/Programs/SimplicityStudio_v4/developer/toolchains/gnu_arm/7.2_2017q4/bin/../lib/gcc/arm-none-eabi/7.2.1/../../../../arm-none-eabi/lib/thumb/v6-m/crt0.o
 .ARM.attributes
                0x0000000000000065       0x32 ./src/main.o
 .ARM.attributes
                0x0000000000000097       0x32 ./emlib/em_assert.o
 .ARM.attributes
                0x00000000000000c9       0x32 ./emlib/em_cmu.o
 .ARM.attributes
                0x00000000000000fb       0x32 ./emlib/em_core.o
 .ARM.attributes
                0x000000000000012d       0x32 ./emlib/em_emu.o
 .ARM.attributes
                0x000000000000015f       0x32 ./emlib/em_gpio.o
 .ARM.attributes
                0x0000000000000191       0x32 ./emlib/em_usart.o
 .ARM.attributes
                0x00000000000001c3       0x1b ./CMSIS/EFM32HG/startup_efm32hg.o
 .ARM.attributes
                0x00000000000001de       0x32 ./CMSIS/EFM32HG/system_efm32hg.o
 .ARM.attributes
                0x0000000000000210       0x32 ./dbprint-scr/dbprint.o
 .ARM.attributes
                0x0000000000000242       0x32 ./emlib/em_rtc.o
 .ARM.attributes
                0x0000000000000274       0x32 ./src/ADXL362.o
 .ARM.attributes
                0x00000000000002a6       0x32 ./src/DS18B20.o
 .ARM.attributes
                0x00000000000002d8       0x32 ./src/handlers.o
 .ARM.attributes
                0x000000000000030a       0x2b ./src/udelay.o
 .ARM.attributes
                0x0000000000000335       0x32 ./src/util.o
 .ARM.attributes
                0x0000000000000367       0x1e /home/brecht/Programs/SimplicityStudio_v4/developer/toolchains/gnu_arm/7.2_2017q4/bin/../lib/gcc/arm-none-eabi/7.2.1/thumb/v6-m/libgcc.a(_udivsi3.o)
 .ARM.attributes
                0x0000000000000385       0x1e /home/brecht/Programs/SimplicityStudio_v4/developer/toolchains/gnu_arm/7.2_2017q4/bin/../lib/gcc/arm-none-eabi/7.2.1/thumb/v6-m/libgcc.a(_dvmd_tls.o)
 .ARM.attributes
                0x00000000000003a3       0x1e /home/brecht/Programs/SimplicityStudio_v4/developer/toolchains/gnu_arm/7.2_2017q4/bin/../lib/gcc/arm-none-eabi/7.2.1/thumb/v6-m/libgcc.a(_clzsi2.o)
 .ARM.attributes
                0x00000000000003c1       0x2c /home/brecht/Programs/SimplicityStudio_v4/developer/toolchains/gnu_arm/7.2_2017q4/bin/../lib/gcc/arm-none-eabi/7.2.1/thumb/v6-m/libgcc.a(fixsfsi.o)
 .ARM.attributes
                0x00000000000003ed       0x2c /home/brecht/Programs/SimplicityStudio_v4/developer/toolchains/gnu_arm/7.2_2017q4/bin/../lib/gcc/arm-none-eabi/7.2.1/thumb/v6-m/libgcc.a(muldf3.o)
 .ARM.attributes
                0x0000000000000419       0x2c /home/brecht/Programs/SimplicityStudio_v4/developer/toolchains/gnu_arm/7.2_2017q4/bin/../lib/gcc/arm-none-eabi/7.2.1/thumb/v6-m/libgcc.a(floatsidf.o)
 .ARM.attributes
                0x0000000000000445       0x2c /home/brecht/Programs/SimplicityStudio_v4/developer/toolchains/gnu_arm/7.2_2017q4/bin/../lib/gcc/arm-none-eabi/7.2.1/thumb/v6-m/libgcc.a(truncdfsf2.o)
 .ARM.attributes
                0x0000000000000471       0x2c /home/brecht/Programs/SimplicityStudio_v4/developer/toolchains/gnu_arm/7.2_2017q4/bin/../lib/gcc/arm-none-eabi/7.2.1/../../../../arm-none-eabi/lib/thumb/v6-m/libc_nano.a(lib_a-exit.o)
 .ARM.attributes
                0x000000000000049d       0x2c /home/brecht/Programs/SimplicityStudio_v4/developer/toolchains/gnu_arm/7.2_2017q4/bin/../lib/gcc/arm-none-eabi/7.2.1/../../../../arm-none-eabi/lib/thumb/v6-m/libc_nano.a(lib_a-impure.o)
 .ARM.attributes
                0x00000000000004c9       0x2c /home/brecht/Programs/SimplicityStudio_v4/developer/toolchains/gnu_arm/7.2_2017q4/bin/../lib/gcc/arm-none-eabi/7.2.1/../../../../arm-none-eabi/lib/thumb/v6-m/libc_nano.a(lib_a-init.o)
 .ARM.attributes
                0x00000000000004f5       0x2c /home/brecht/Programs/SimplicityStudio_v4/developer/toolchains/gnu_arm/7.2_2017q4/bin/../lib/gcc/arm-none-eabi/7.2.1/../../../../arm-none-eabi/lib/thumb/v6-m/libc_nano.a(lib_a-memset.o)
 .ARM.attributes
                0x0000000000000521       0x2c /home/brecht/Programs/SimplicityStudio_v4/developer/toolchains/gnu_arm/7.2_2017q4/bin/../lib/gcc/arm-none-eabi/7.2.1/../../../../arm-none-eabi/lib/thumb/v6-m/libnosys.a(_exit.o)
 .ARM.attributes
                0x000000000000054d       0x2c /home/brecht/Programs/SimplicityStudio_v4/developer/toolchains/gnu_arm/7.2_2017q4/bin/../lib/gcc/arm-none-eabi/7.2.1/thumb/v6-m/crtend.o
 .ARM.attributes
                0x0000000000000579       0x1e /home/brecht/Programs/SimplicityStudio_v4/developer/toolchains/gnu_arm/7.2_2017q4/bin/../lib/gcc/arm-none-eabi/7.2.1/thumb/v6-m/crtn.o

.comment        0x0000000000000000       0x7e
 .comment       0x0000000000000000       0x7e ./src/main.o
                                         0x7f (size before relaxing)
 .comment       0x000000000000007e       0x7f ./emlib/em_assert.o
 .comment       0x000000000000007e       0x7f ./emlib/em_cmu.o
 .comment       0x000000000000007e       0x7f ./emlib/em_core.o
 .comment       0x000000000000007e       0x7f ./emlib/em_emu.o
 .comment       0x000000000000007e       0x7f ./emlib/em_gpio.o
 .comment       0x000000000000007e       0x7f ./emlib/em_usart.o
 .comment       0x000000000000007e       0x7f ./CMSIS/EFM32HG/system_efm32hg.o
 .comment       0x000000000000007e       0x7f ./dbprint-scr/dbprint.o
 .comment       0x000000000000007e       0x7f ./emlib/em_rtc.o
 .comment       0x000000000000007e       0x7f ./src/ADXL362.o
 .comment       0x000000000000007e       0x7f ./src/DS18B20.o
 .comment       0x000000000000007e       0x7f ./src/handlers.o
 .comment       0x000000000000007e       0x7f ./src/udelay.o
 .comment       0x000000000000007e       0x7f ./src/util.o

.debug_info     0x0000000000000000    0x10db2
 .debug_info    0x0000000000000000     0x1601 ./src/main.o
 .debug_info    0x0000000000001601       0x7a ./emlib/em_assert.o
 .debug_info    0x000000000000167b     0x1c01 ./emlib/em_cmu.o
 .debug_info    0x000000000000327c     0x1411 ./emlib/em_core.o
 .debug_info    0x000000000000468d     0x11d4 ./emlib/em_emu.o
 .debug_info    0x0000000000005861      0xf81 ./emlib/em_gpio.o
 .debug_info    0x00000000000067e2     0x1772 ./emlib/em_usart.o
 .debug_info    0x0000000000007f54       0x26 ./CMSIS/EFM32HG/startup_efm32hg.o
 .debug_info    0x0000000000007f7a      0xe41 ./CMSIS/EFM32HG/system_efm32hg.o
 .debug_info    0x0000000000008dbb     0x1c31 ./dbprint-scr/dbprint.o
 .debug_info    0x000000000000a9ec      0xc2c ./emlib/em_rtc.o
 .debug_info    0x000000000000b618     0x14bb ./src/ADXL362.o
 .debug_info    0x000000000000cad3     0x11c3 ./src/DS18B20.o
 .debug_info    0x000000000000dc96      0xeca ./src/handlers.o
 .debug_info    0x000000000000eb60     0x1264 ./src/udelay.o
 .debug_info    0x000000000000fdc4      0xfee ./src/util.o

.debug_abbrev   0x0000000000000000     0x27ed
 .debug_abbrev  0x0000000000000000      0x325 ./src/main.o
 .debug_abbrev  0x0000000000000325       0x65 ./emlib/em_assert.o
 .debug_abbrev  0x000000000000038a      0x34e ./emlib/em_cmu.o
 .debug_abbrev  0x00000000000006d8      0x307 ./emlib/em_core.o
 .debug_abbrev  0x00000000000009df      0x2cd ./emlib/em_emu.o
 .debug_abbrev  0x0000000000000cac      0x29c ./emlib/em_gpio.o
 .debug_abbrev  0x0000000000000f48      0x2ab ./emlib/em_usart.o
 .debug_abbrev  0x00000000000011f3       0x14 ./CMSIS/EFM32HG/startup_efm32hg.o
 .debug_abbrev  0x0000000000001207      0x25f ./CMSIS/EFM32HG/system_efm32hg.o
 .debug_abbrev  0x0000000000001466      0x389 ./dbprint-scr/dbprint.o
 .debug_abbrev  0x00000000000017ef      0x26a ./emlib/em_rtc.o
 .debug_abbrev  0x0000000000001a59      0x327 ./src/ADXL362.o
 .debug_abbrev  0x0000000000001d80      0x2ce ./src/DS18B20.o
 .debug_abbrev  0x000000000000204e      0x239 ./src/handlers.o
 .debug_abbrev  0x0000000000002287      0x2bd ./src/udelay.o
 .debug_abbrev  0x0000000000002544      0x2a9 ./src/util.o

.debug_loc      0x0000000000000000     0x320a
 .debug_loc     0x0000000000000000      0x250 ./src/main.o
 .debug_loc     0x0000000000000250       0x38 ./emlib/em_assert.o
 .debug_loc     0x0000000000000288      0x8fc ./emlib/em_cmu.o
 .debug_loc     0x0000000000000b84      0x574 ./emlib/em_core.o
 .debug_loc     0x00000000000010f8      0x314 ./emlib/em_emu.o
 .debug_loc     0x000000000000140c      0x2a0 ./emlib/em_gpio.o
 .debug_loc     0x00000000000016ac      0x50a ./emlib/em_usart.o
 .debug_loc     0x0000000000001bb6      0x1e8 ./CMSIS/EFM32HG/system_efm32hg.o
 .debug_loc     0x0000000000001d9e      0x7f4 ./dbprint-scr/dbprint.o
 .debug_loc     0x0000000000002592      0x1a8 ./emlib/em_rtc.o
 .debug_loc     0x000000000000273a      0x3ec ./src/ADXL362.o
 .debug_loc     0x0000000000002b26      0x25c ./src/DS18B20.o
 .debug_loc     0x0000000000002d82      0x138 ./src/handlers.o
 .debug_loc     0x0000000000002eba      0x170 ./src/udelay.o
 .debug_loc     0x000000000000302a      0x1e0 ./src/util.o

.debug_aranges  0x0000000000000000      0x900
 .debug_aranges
                0x0000000000000000       0x70 ./src/main.o
 .debug_aranges
                0x0000000000000070       0x20 ./emlib/em_assert.o
 .debug_aranges
                0x0000000000000090      0x170 ./emlib/em_cmu.o
 .debug_aranges
                0x0000000000000200       0xe8 ./emlib/em_core.o
 .debug_aranges
                0x00000000000002e8       0x98 ./emlib/em_emu.o
 .debug_aranges
                0x0000000000000380       0x78 ./emlib/em_gpio.o
 .debug_aranges
                0x00000000000003f8       0xd0 ./emlib/em_usart.o
 .debug_aranges
                0x00000000000004c8       0x20 ./CMSIS/EFM32HG/startup_efm32hg.o
 .debug_aranges
                0x00000000000004e8       0x68 ./CMSIS/EFM32HG/system_efm32hg.o
 .debug_aranges
                0x0000000000000550      0x140 ./dbprint-scr/dbprint.o
 .debug_aranges
                0x0000000000000690       0x58 ./emlib/em_rtc.o
 .debug_aranges
                0x00000000000006e8       0xb0 ./src/ADXL362.o
 .debug_aranges
                0x0000000000000798       0x70 ./src/DS18B20.o
 .debug_aranges
                0x0000000000000808       0x48 ./src/handlers.o
 .debug_aranges
                0x0000000000000850       0x50 ./src/udelay.o
 .debug_aranges
                0x00000000000008a0       0x60 ./src/util.o

.debug_ranges   0x0000000000000000      0x7f0
 .debug_ranges  0x0000000000000000       0x60 ./src/main.o
 .debug_ranges  0x0000000000000060       0x10 ./emlib/em_assert.o
 .debug_ranges  0x0000000000000070      0x160 ./emlib/em_cmu.o
 .debug_ranges  0x00000000000001d0       0xd8 ./emlib/em_core.o
 .debug_ranges  0x00000000000002a8       0x88 ./emlib/em_emu.o
 .debug_ranges  0x0000000000000330       0x68 ./emlib/em_gpio.o
 .debug_ranges  0x0000000000000398       0xc0 ./emlib/em_usart.o
 .debug_ranges  0x0000000000000458       0x58 ./CMSIS/EFM32HG/system_efm32hg.o
 .debug_ranges  0x00000000000004b0      0x130 ./dbprint-scr/dbprint.o
 .debug_ranges  0x00000000000005e0       0x48 ./emlib/em_rtc.o
 .debug_ranges  0x0000000000000628       0xa0 ./src/ADXL362.o
 .debug_ranges  0x00000000000006c8       0x60 ./src/DS18B20.o
 .debug_ranges  0x0000000000000728       0x38 ./src/handlers.o
 .debug_ranges  0x0000000000000760       0x40 ./src/udelay.o
 .debug_ranges  0x00000000000007a0       0x50 ./src/util.o

.debug_line     0x0000000000000000     0x59f9
 .debug_line    0x0000000000000000      0x579 ./src/main.o
 .debug_line    0x0000000000000579       0xa2 ./emlib/em_assert.o
 .debug_line    0x000000000000061b      0xae9 ./emlib/em_cmu.o
 .debug_line    0x0000000000001104      0x72c ./emlib/em_core.o
 .debug_line    0x0000000000001830      0x5b3 ./emlib/em_emu.o
 .debug_line    0x0000000000001de3      0x622 ./emlib/em_gpio.o
 .debug_line    0x0000000000002405      0x707 ./emlib/em_usart.o
 .debug_line    0x0000000000002b0c       0xdc ./CMSIS/EFM32HG/startup_efm32hg.o
 .debug_line    0x0000000000002be8      0x43a ./CMSIS/EFM32HG/system_efm32hg.o
 .debug_line    0x0000000000003022      0xa76 ./dbprint-scr/dbprint.o
 .debug_line    0x0000000000003a98      0x423 ./emlib/em_rtc.o
 .debug_line    0x0000000000003ebb      0x71f ./src/ADXL362.o
 .debug_line    0x00000000000045da      0x5d8 ./src/DS18B20.o
 .debug_line    0x0000000000004bb2      0x42c ./src/handlers.o
 .debug_line    0x0000000000004fde      0x493 ./src/udelay.o
 .debug_line    0x0000000000005471      0x588 ./src/util.o

.debug_str      0x0000000000000000     0x2fce
 .debug_str     0x0000000000000000      0xede ./src/main.o
                                        0xf8b (size before relaxing)
 .debug_str     0x0000000000000ede       0x7c ./emlib/em_assert.o
                                        0x1b1 (size before relaxing)
 .debug_str     0x0000000000000f5a      0x7a0 ./emlib/em_cmu.o
                                       0x11e0 (size before relaxing)
 .debug_str     0x00000000000016fa      0x36b ./emlib/em_core.o
                                        0xb32 (size before relaxing)
 .debug_str     0x0000000000001a65      0x1f9 ./emlib/em_emu.o
                                        0xbee (size before relaxing)
 .debug_str     0x0000000000001c5e      0x253 ./emlib/em_gpio.o
                                        0xa41 (size before relaxing)
 .debug_str     0x0000000000001eb1      0x76f ./emlib/em_usart.o
                                        0xfba (size before relaxing)
 .debug_str     0x0000000000002620       0x9e ./CMSIS/EFM32HG/startup_efm32hg.o
                                         0xf4 (size before relaxing)
 .debug_str     0x00000000000026be      0x16e ./CMSIS/EFM32HG/system_efm32hg.o
                                        0x8a5 (size before relaxing)
 .debug_str     0x000000000000282c      0x2ba ./dbprint-scr/dbprint.o
                                       0x11e8 (size before relaxing)
 .debug_str     0x0000000000002ae6       0xd0 ./emlib/em_rtc.o
                                        0x713 (size before relaxing)
 .debug_str     0x0000000000002bb6      0x171 ./src/ADXL362.o
                                        0xea2 (size before relaxing)
 .debug_str     0x0000000000002d27       0xe6 ./src/DS18B20.o
                                        0xbf6 (size before relaxing)
 .debug_str     0x0000000000002e0d       0x63 ./src/handlers.o
                                        0x7f7 (size before relaxing)
 .debug_str     0x0000000000002e70       0xf3 ./src/udelay.o
                                        0xd1d (size before relaxing)
 .debug_str     0x0000000000002f63       0x6b ./src/util.o
                                        0x9ce (size before relaxing)

.debug_frame    0x0000000000000000     0x1fa0
 .debug_frame   0x0000000000000000      0x168 ./src/main.o
 .debug_frame   0x0000000000000168       0x30 ./emlib/em_assert.o
 .debug_frame   0x0000000000000198      0x550 ./emlib/em_cmu.o
 .debug_frame   0x00000000000006e8      0x33c ./emlib/em_core.o
 .debug_frame   0x0000000000000a24      0x1ec ./emlib/em_emu.o
 .debug_frame   0x0000000000000c10      0x190 ./emlib/em_gpio.o
 .debug_frame   0x0000000000000da0      0x2f4 ./emlib/em_usart.o
 .debug_frame   0x0000000000001094      0x138 ./CMSIS/EFM32HG/system_efm32hg.o
 .debug_frame   0x00000000000011cc      0x4a8 ./dbprint-scr/dbprint.o
 .debug_frame   0x0000000000001674      0x108 ./emlib/em_rtc.o
 .debug_frame   0x000000000000177c      0x26c ./src/ADXL362.o
 .debug_frame   0x00000000000019e8      0x170 ./src/DS18B20.o
 .debug_frame   0x0000000000001b58       0xc8 ./src/handlers.o
 .debug_frame   0x0000000000001c20       0xec ./src/udelay.o
 .debug_frame   0x0000000000001d0c      0x128 ./src/util.o
 .debug_frame   0x0000000000001e34       0x20 /home/brecht/Programs/SimplicityStudio_v4/developer/toolchains/gnu_arm/7.2_2017q4/bin/../lib/gcc/arm-none-eabi/7.2.1/thumb/v6-m/libgcc.a(_udivsi3.o)
 .debug_frame   0x0000000000001e54       0x20 /home/brecht/Programs/SimplicityStudio_v4/developer/toolchains/gnu_arm/7.2_2017q4/bin/../lib/gcc/arm-none-eabi/7.2.1/thumb/v6-m/libgcc.a(fixsfsi.o)
 .debug_frame   0x0000000000001e74       0x3c /home/brecht/Programs/SimplicityStudio_v4/developer/toolchains/gnu_arm/7.2_2017q4/bin/../lib/gcc/arm-none-eabi/7.2.1/thumb/v6-m/libgcc.a(muldf3.o)
 .debug_frame   0x0000000000001eb0       0x2c /home/brecht/Programs/SimplicityStudio_v4/developer/toolchains/gnu_arm/7.2_2017q4/bin/../lib/gcc/arm-none-eabi/7.2.1/thumb/v6-m/libgcc.a(floatsidf.o)
 .debug_frame   0x0000000000001edc       0x30 /home/brecht/Programs/SimplicityStudio_v4/developer/toolchains/gnu_arm/7.2_2017q4/bin/../lib/gcc/arm-none-eabi/7.2.1/thumb/v6-m/libgcc.a(truncdfsf2.o)
 .debug_frame   0x0000000000001f0c       0x28 /home/brecht/Programs/SimplicityStudio_v4/developer/toolchains/gnu_arm/7.2_2017q4/bin/../lib/gcc/arm-none-eabi/7.2.1/../../../../arm-none-eabi/lib/thumb/v6-m/libc_nano.a(lib_a-exit.o)
 .debug_frame   0x0000000000001f34       0x2c /home/brecht/Programs/SimplicityStudio_v4/developer/toolchains/gnu_arm/7.2_2017q4/bin/../lib/gcc/arm-none-eabi/7.2.1/../../../../arm-none-eabi/lib/thumb/v6-m/libc_nano.a(lib_a-init.o)
 .debug_frame   0x0000000000001f60       0x20 /home/brecht/Programs/SimplicityStudio_v4/developer/toolchains/gnu_arm/7.2_2017q4/bin/../lib/gcc/arm-none-eabi/7.2.1/../../../../arm-none-eabi/lib/thumb/v6-m/libc_nano.a(lib_a-memset.o)
 .debug_frame   0x0000000000001f80       0x20 /home/brecht/Programs/SimplicityStudio_v4/developer/toolchains/gnu_arm/7.2_2017q4/bin/../lib/gcc/arm-none-eabi/7.2.1/../../../../arm-none-eabi/lib/thumb/v6-m/libnosys.a(_exit.o)
